[12:05:58] pg4300 worker pid=528247: p144 translating (8 paragraphs)
[12:05:58] pg4300 worker pid=528242: p133 translating (17 paragraphs)
[12:05:58] pg4300 worker pid=528241: p129 translating (21 paragraphs)
[12:05:58] pg4300 worker pid=528245: p142 translating (4 paragraphs)
[12:05:58] pg4300 worker pid=528240: p118 translating (1 paragraphs)
[12:05:58] pg4300 worker pid=528244: p136 translating (15 paragraphs)
[12:05:58] pg4300 worker pid=528246: p143 translating (23 paragraphs)
[12:05:58] pg4300 worker pid=528243: p135 translating (23 paragraphs)
[12:05:58] pg4300 worker pid=528248: p145 translating (22 paragraphs)
[12:05:58] pg4300 worker pid=528251: p148 translating (31 paragraphs)
[12:05:58] pg4300 worker pid=528250: p147 translating (11 paragraphs)
[12:05:58] pg4300 worker pid=528252: p149 translating (12 paragraphs)
[12:05:58] pg4300 worker pid=528253: p150 translating (4 paragraphs)
[12:05:58] pg4300 worker pid=528249: p146 translating (29 paragraphs)
[12:05:58] pg4300 worker pid=528254: p151 translating (1 paragraphs)
[12:06:38] pg4300 worker pid=528253: p150 OK
[12:06:38] pg4300 worker pid=528253: p166 translating (16 paragraphs)
[12:06:52] pg4300 worker pid=528250: p147 OK
[12:06:53] pg4300 worker pid=528250: p163 translating (19 paragraphs)
[12:06:55] pg4300 worker pid=528242: p133 OK
[12:06:55] pg4300 worker pid=528252: p149 OK
[12:06:55] pg4300 worker pid=528242: p155 translating (5 paragraphs)
[12:06:56] pg4300 worker pid=528252: p165 translating (6 paragraphs)
[12:06:56] pg4300 worker pid=528241: p129 OK
[12:06:57] pg4300 worker pid=528241: p153 translating (8 paragraphs)
[12:06:57] pg4300 worker pid=528246: p143 OK
[12:06:57] pg4300 worker pid=528245: p142 OK
[12:06:57] pg4300 worker pid=528248: p145 OK
[12:06:57] pg4300 worker pid=528246: p159 translating (11 paragraphs)
[12:06:58] pg4300 worker pid=528245: p158 translating (7 paragraphs)
[12:06:58] pg4300 worker pid=528248: p161 translating (18 paragraphs)
[12:06:58] pg4300 worker pid=528243: p135 OK
[12:06:59] pg4300 worker pid=528243: p156 translating (13 paragraphs)
[12:06:59] pg4300 worker pid=528244: p136 OK
[12:07:00] pg4300 worker pid=528244: p157 translating (22 paragraphs)
[12:07:02] pg4300 worker pid=528251: p148 OK
[12:07:02] pg4300 worker pid=528251: p164 translating (16 paragraphs)
[12:07:09] pg4300 worker pid=528247: p144 OK
[12:07:09] pg4300 worker pid=528247: p160 translating (26 paragraphs)
[12:07:11] pg4300 worker pid=528254: p151 OK
[12:07:11] pg4300 worker pid=528254: p167 translating (18 paragraphs)
[12:07:11] pg4300 worker pid=528240: p118 OK
[12:07:12] pg4300 worker pid=528240: p152 translating (1 paragraphs)
[12:07:27] pg4300 worker pid=528249: p146 OK
[12:07:27] pg4300 worker pid=528253: p166 OK
[12:07:27] pg4300 worker pid=528249: p162 translating (11 paragraphs)
[12:07:27] pg4300 worker pid=528253: p182 translating (1 paragraphs)
[12:07:32] pg4300 worker pid=528242: p155 OK
[12:07:33] pg4300 worker pid=528242: p170 translating (17 paragraphs)
[12:07:40] pg4300 worker pid=528241: p153 OK
[12:07:40] pg4300 worker pid=528241: p169 translating (16 paragraphs)
[12:07:43] pg4300 worker pid=528244: p157 OK
[12:07:44] pg4300 worker pid=528244: p173 translating (7 paragraphs)
[12:07:45] pg4300 worker pid=528250: p163 OK
[12:07:45] pg4300 worker pid=528250: p179 translating (16 paragraphs)
[12:07:47] pg4300 worker pid=528246: p159 OK
[12:07:47] pg4300 worker pid=528246: p175 translating (26 paragraphs)
[12:07:48] pg4300 worker pid=528245: p158 OK
[12:07:48] pg4300 worker pid=528245: p174 translating (1 paragraphs)
[12:07:49] pg4300 worker pid=528248: p161 ERROR attempt=1: Extra data: line 1 column 5 (char 4)
[12:07:51] pg4300 worker pid=528252: p165 OK
[12:07:52] pg4300 worker pid=528252: p181 translating (1 paragraphs)
[12:07:53] pg4300 worker pid=528243: p156 OK
[12:07:54] pg4300 worker pid=528243: p171 translating (14 paragraphs)
[12:07:56] pg4300 worker pid=528251: p164 OK
[12:07:57] pg4300 worker pid=528251: p180 translating (1 paragraphs)
[12:08:01] pg4300 worker pid=528244: p173 OK
[12:08:01] pg4300 worker pid=528244: p188 translating (4 paragraphs)
[12:08:03] pg4300 worker pid=528247: p160 OK
[12:08:04] pg4300 worker pid=528247: p176 translating (14 paragraphs)
[12:08:08] pg4300 worker pid=528249: p162 OK
[12:08:08] pg4300 worker pid=528249: p178 translating (8 paragraphs)
[12:08:12] pg4300 worker pid=528242: p170 OK
[12:08:13] pg4300 worker pid=528242: p186 translating (2 paragraphs)
[12:08:13] pg4300 worker pid=528253: p182 OK
[12:08:14] pg4300 worker pid=528253: p197 translating (4 paragraphs)
[12:08:19] pg4300 worker pid=528244: p188 OK
[12:08:19] pg4300 worker pid=528244: p203 translating (3 paragraphs)
[12:08:21] pg4300 worker pid=528252: p181 OK
[12:08:21] pg4300 worker pid=528252: p196 translating (6 paragraphs)
[12:08:24] pg4300 worker pid=528241: p169 OK
[12:08:24] pg4300 worker pid=528241: p185 translating (4 paragraphs)
[12:08:32] pg4300 worker pid=528250: p179 OK
[12:08:33] pg4300 worker pid=528250: p194 translating (5 paragraphs)
[12:08:35] pg4300 worker pid=528246: p175 OK
[12:08:36] pg4300 worker pid=528246: p190 translating (2 paragraphs)
[12:08:44] pg4300 worker pid=528248: p161 OK
[12:08:44] pg4300 worker pid=528248: p177 translating (4 paragraphs)
[12:08:45] pg4300 worker pid=528243: p171 OK
[12:08:46] pg4300 worker pid=528251: p180 OK
[12:08:46] pg4300 worker pid=528243: p187 translating (6 paragraphs)
[12:08:46] pg4300 worker pid=528251: p195 translating (1 paragraphs)
[12:08:51] pg4300 worker pid=528254: p167 OK
[12:08:52] pg4300 worker pid=528254: p183 translating (1 paragraphs)
[12:08:56] pg4300 worker pid=528245: p174 OK
[12:08:57] pg4300 worker pid=528245: p189 translating (1 paragraphs)
[12:08:58] pg4300 worker pid=528253: p197 OK
[12:08:58] pg4300 worker pid=528247: p176 OK
[12:08:59] pg4300 worker pid=528253: p212 translating (1 paragraphs)
[12:08:59] pg4300 worker pid=528242: p186 OK
[12:08:59] pg4300 worker pid=528247: p191 translating (2 paragraphs)
[12:08:59] pg4300 worker pid=528242: p201 translating (1 paragraphs)
[12:09:04] pg4300 worker pid=528249: p178 OK
[12:09:04] pg4300 worker pid=528249: p193 translating (3 paragraphs)
[12:09:05] pg4300 worker pid=528252: p196 OK
[12:09:05] pg4300 worker pid=528252: p211 translating (4 paragraphs)
[12:09:09] pg4300 worker pid=528241: p185 OK
[12:09:09] pg4300 worker pid=528241: p200 translating (2 paragraphs)
[12:09:09] pg4300 worker pid=528244: p203 OK
[12:09:10] pg4300 worker pid=528244: p218 translating (2 paragraphs)
[12:09:10] pg4300 worker pid=528246: p190 OK
[12:09:11] pg4300 worker pid=528246: p205 translating (3 paragraphs)
[12:09:12] pg4300 worker pid=528253: p212 OK
[12:09:13] pg4300 worker pid=528253: p227 translating (1 paragraphs)
[12:09:24] pg4300 worker pid=528254: p183 OK
[12:09:25] pg4300 worker pid=528254: p198 translating (3 paragraphs)
[12:09:31] pg4300 worker pid=528248: p177 OK
[12:09:31] pg4300 worker pid=528248: p192 translating (8 paragraphs)
[12:09:32] pg4300 worker pid=528250: p194 OK
[12:09:33] pg4300 worker pid=528250: p209 translating (3 paragraphs)
[12:09:33] pg4300 worker pid=528243: p187 OK
[12:09:33] pg4300 worker pid=528243: p202 translating (3 paragraphs)
[12:09:37] pg4300 worker pid=528247: p191 OK
[12:09:37] pg4300 worker pid=528247: p206 translating (3 paragraphs)
[12:09:41] pg4300 worker pid=528245: p189 OK
[12:09:42] pg4300 worker pid=528245: p204 translating (2 paragraphs)
[12:09:42] pg4300 worker pid=528240: p152 OK
[12:09:42] pg4300 worker pid=528240: p168 translating (21 paragraphs)
[12:09:48] pg4300 worker pid=528254: p198 OK
[12:09:48] pg4300 worker pid=528254: p213 translating (13 paragraphs)
[12:09:49] pg4300 worker pid=528242: p201 OK
[12:09:49] pg4300 worker pid=528244: p218 OK
[12:09:50] pg4300 worker pid=528242: p216 translating (3 paragraphs)
[12:09:50] pg4300 worker pid=528249: p193 OK
[12:09:50] pg4300 worker pid=528244: p233 translating (1 paragraphs)
[12:09:50] pg4300 worker pid=528249: p208 translating (1 paragraphs)
[12:09:56] pg4300 worker pid=528252: p211 OK
[12:09:57] pg4300 worker pid=528252: p226 translating (1 paragraphs)
[12:10:06] pg4300 worker pid=528241: p200 OK
[12:10:06] pg4300 worker pid=528241: p215 translating (6 paragraphs)
[12:10:08] pg4300 worker pid=528245: p204 OK
[12:10:08] pg4300 worker pid=528245: p219 translating (1 paragraphs)
[12:10:14] pg4300 worker pid=528246: p205 OK
[12:10:15] pg4300 worker pid=528246: p220 translating (1 paragraphs)
[12:10:15] pg4300 worker pid=528247: p206 OK
[12:10:16] pg4300 worker pid=528247: p221 translating (1 paragraphs)
[12:10:23] pg4300 worker pid=528248: p192 OK
[12:10:23] pg4300 worker pid=528248: p207 translating (3 paragraphs)
[12:10:26] pg4300 worker pid=528254: p213 OK
[12:10:26] pg4300 worker pid=528250: p209 OK
[12:10:27] pg4300 worker pid=528249: p208 OK
[12:10:27] pg4300 worker pid=528254: p228 translating (2 paragraphs)
[12:10:27] pg4300 worker pid=528250: p224 translating (3 paragraphs)
[12:10:27] pg4300 worker pid=528242: p216 OK
[12:10:27] pg4300 worker pid=528249: p223 translating (1 paragraphs)
[12:10:28] pg4300 worker pid=528244: p233 OK
[12:10:28] pg4300 worker pid=528242: p231 translating (1 paragraphs)
[12:10:28] pg4300 worker pid=528244: p248 translating (3 paragraphs)
[12:10:32] pg4300 worker pid=528251: p195 OK
[12:10:32] pg4300 worker pid=528251: p210 translating (1 paragraphs)
[12:10:36] pg4300 worker pid=528240: p168 OK
[12:10:36] pg4300 worker pid=528240: p184 translating (8 paragraphs)
[12:10:38] pg4300 worker pid=528246: p220 OK
[12:10:38] pg4300 worker pid=528246: p235 translating (1 paragraphs)
[12:10:38] pg4300 worker pid=528254: p228 OK
[12:10:39] pg4300 worker pid=528254: p243 translating (1 paragraphs)
[12:10:56] pg4300 worker pid=528243: p202 OK
[12:10:57] pg4300 worker pid=528243: p217 translating (2 paragraphs)
[12:10:57] pg4300 worker pid=528247: p221 OK
[12:10:58] pg4300 worker pid=528247: p236 translating (1 paragraphs)
[12:11:03] pg4300 worker pid=528248: p207 OK
[12:11:03] pg4300 worker pid=528248: p222 translating (1 paragraphs)
[12:11:09] pg4300 worker pid=528250: p224 OK
[12:11:09] pg4300 worker pid=528250: p239 translating (2 paragraphs)
[12:11:10] pg4300 worker pid=528252: p226 OK
[12:11:10] pg4300 worker pid=528252: p241 translating (1 paragraphs)
[12:11:12] pg4300 worker pid=528245: p219 OK
[12:11:12] pg4300 worker pid=528245: p234 translating (1 paragraphs)
[12:11:14] pg4300 worker pid=528251: p210 OK
[12:11:14] pg4300 worker pid=528251: p225 translating (2 paragraphs)
[12:11:21] pg4300 worker pid=528244: p248 OK
[12:11:22] pg4300 worker pid=528246: p235 OK
[12:11:22] pg4300 worker pid=528244: p263 translating (5 paragraphs)
[12:11:22] pg4300 worker pid=528246: p250 translating (10 paragraphs)
[12:11:25] pg4300 worker pid=528243: p217 OK
[12:11:26] pg4300 worker pid=528243: p232 translating (1 paragraphs)
[12:11:34] pg4300 worker pid=528248: p222 OK
[12:11:34] pg4300 worker pid=528248: p237 translating (1 paragraphs)
[12:11:35] pg4300 worker pid=528252: p241 OK
[12:11:36] pg4300 worker pid=528252: p256 translating (26 paragraphs)
[12:11:40] pg4300 worker pid=528242: p231 OK
[12:11:40] pg4300 worker pid=528241: p215 OK
[12:11:41] pg4300 worker pid=528242: p246 translating (2 paragraphs)
[12:11:41] pg4300 worker pid=528241: p230 translating (1 paragraphs)
[12:11:46] pg4300 worker pid=528245: p234 OK
[12:11:46] pg4300 worker pid=528245: p249 translating (4 paragraphs)
[12:11:52] pg4300 worker pid=528244: p263 OK
[12:11:52] pg4300 worker pid=528244: p278 translating (10 paragraphs)
[12:11:56] pg4300 worker pid=528250: p239 OK
[12:11:57] pg4300 worker pid=528250: p254 translating (19 paragraphs)
[12:11:57] pg4300 worker pid=528240: p184 OK
[12:11:58] pg4300 worker pid=528240: p199 translating (1 paragraphs)
[12:11:58] pg4300 worker pid=528247: p236 OK
[12:11:58] pg4300 worker pid=528247: p251 translating (28 paragraphs)
[12:12:01] pg4300 worker pid=528251: p225 OK
[12:12:02] pg4300 worker pid=528251: p240 translating (1 paragraphs)
[12:12:12] pg4300 worker pid=528241: p230 OK
[12:12:13] pg4300 worker pid=528241: p245 translating (3 paragraphs)
[12:12:25] pg4300 worker pid=528246: p250 OK
[12:12:25] pg4300 worker pid=528246: p265 translating (6 paragraphs)
[12:12:30] pg4300 worker pid=528248: p237 OK
[12:12:30] pg4300 worker pid=528248: p252 translating (20 paragraphs)
[12:12:37] pg4300 worker pid=528244: p278 OK
[12:12:37] pg4300 worker pid=528244: p293 translating (21 paragraphs)
[12:12:41] pg4300 worker pid=528245: p249 OK
[12:12:41] pg4300 worker pid=528245: p264 translating (19 paragraphs)
[12:12:43] pg4300 worker pid=528252: p256 OK
[12:12:43] pg4300 worker pid=528252: p271 translating (26 paragraphs)
[12:12:50] pg4300 worker pid=528250: p254 OK
[12:12:51] pg4300 worker pid=528250: p269 translating (26 paragraphs)
[12:12:53] pg4300 worker pid=528240: p199 OK
[12:12:53] pg4300 worker pid=528240: p214 translating (3 paragraphs)
[12:12:57] pg4300 worker pid=528243: p232 OK
[12:12:57] pg4300 worker pid=528254: p243 OK
[12:12:58] pg4300 worker pid=528243: p247 translating (2 paragraphs)
[12:12:58] pg4300 worker pid=528254: p258 translating (23 paragraphs)
[12:12:58] pg4300 worker pid=528247: p251 OK
[12:12:58] pg4300 worker pid=528247: p266 translating (8 paragraphs)
[12:13:04] pg4300 worker pid=528246: p265 OK
[12:13:04] pg4300 worker pid=528253: p227 OK
[12:13:05] pg4300 worker pid=528246: p280 translating (8 paragraphs)
[12:13:05] pg4300 worker pid=528253: p242 translating (1 paragraphs)
[12:13:15] pg4300 worker pid=528245: p264 OK
[12:13:16] pg4300 worker pid=528245: p279 translating (10 paragraphs)
[12:13:24] pg4300 worker pid=528248: p252 OK
[12:13:25] pg4300 worker pid=528248: p267 translating (10 paragraphs)
[12:13:31] pg4300 worker pid=528253: p242 OK
[12:13:31] pg4300 worker pid=528253: p257 translating (19 paragraphs)
[12:13:36] pg4300 worker pid=528241: p245 OK
[12:13:37] pg4300 worker pid=528241: p260 translating (21 paragraphs)
[12:13:37] pg4300 worker pid=528246: p280 OK
[12:13:38] pg4300 worker pid=528246: p295 translating (21 paragraphs)
[12:13:40] pg4300 worker pid=528244: p293 OK
[12:13:40] pg4300 worker pid=528240: p214 OK
[12:13:41] pg4300 worker pid=528244: p308 translating (20 paragraphs)
[12:13:41] pg4300 worker pid=528240: p229 translating (1 paragraphs)
[12:13:54] pg4300 worker pid=528250: p269 OK
[12:13:54] pg4300 worker pid=528250: p284 translating (14 paragraphs)
[12:13:55] pg4300 worker pid=528247: p266 OK
[12:13:55] pg4300 worker pid=528242: p246 OK
[12:13:56] pg4300 worker pid=528247: p281 translating (1 paragraphs)
[12:13:56] pg4300 worker pid=528242: p261 translating (23 paragraphs)
[12:13:59] pg4300 worker pid=528243: p247 OK
[12:14:00] pg4300 worker pid=528245: p279 OK
[12:14:00] pg4300 worker pid=528243: p262 translating (17 paragraphs)
[12:14:00] pg4300 worker pid=528245: p294 translating (13 paragraphs)
[12:14:01] pg4300 worker pid=528254: p258 OK
[12:14:01] pg4300 worker pid=528249: p223 OK
[12:14:01] pg4300 worker pid=528254: p273 translating (10 paragraphs)
[12:14:02] pg4300 worker pid=528249: p238 translating (1 paragraphs)
[12:14:02] pg4300 worker pid=528247: p281 OK
[12:14:03] pg4300 worker pid=528247: p296 translating (21 paragraphs)
[12:14:10] pg4300 worker pid=528251: p240 OK
[12:14:10] pg4300 worker pid=528251: p255 translating (7 paragraphs)
[12:14:16] pg4300 worker pid=528248: p267 OK
[12:14:17] pg4300 worker pid=528248: p282 translating (15 paragraphs)
[12:14:29] pg4300 worker pid=528253: p257 OK
[12:14:29] pg4300 worker pid=528253: p272 translating (11 paragraphs)
[12:14:32] pg4300 worker pid=528252: p271 OK
[12:14:33] pg4300 worker pid=528252: p286 translating (3 paragraphs)
[12:14:33] pg4300 worker pid=528246: p295 OK
[12:14:33] pg4300 worker pid=528246: p310 translating (31 paragraphs)
[12:14:35] pg4300 worker pid=528245: p294 OK
[12:14:36] pg4300 worker pid=528245: p309 translating (19 paragraphs)
[12:14:38] pg4300 worker pid=528244: p308 OK
[12:14:38] pg4300 worker pid=528244: p323 translating (29 paragraphs)
[12:14:39] pg4300 worker pid=528251: p255 OK
[12:14:40] pg4300 worker pid=528251: p270 translating (26 paragraphs)
[12:14:44] pg4300 worker pid=528240: p229 OK
[12:14:44] pg4300 worker pid=528240: p244 translating (1 paragraphs)
[12:14:45] pg4300 worker pid=528241: p260 OK
[12:14:45] pg4300 worker pid=528241: p275 translating (7 paragraphs)
[12:14:47] pg4300 worker pid=528249: p238 OK
[12:14:47] pg4300 worker pid=528249: p253 translating (10 paragraphs)
[12:14:49] pg4300 worker pid=528248: p282 OK
[12:14:50] pg4300 worker pid=528248: p297 translating (26 paragraphs)
[12:14:50] pg4300 worker pid=528252: p286 OK
[12:14:51] pg4300 worker pid=528252: p301 translating (11 paragraphs)
[12:14:54] pg4300 worker pid=528250: p284 OK
[12:14:54] pg4300 worker pid=528250: p299 translating (11 paragraphs)
[12:14:55] pg4300 worker pid=528247: p296 OK
[12:14:56] pg4300 worker pid=528248: p297 ERROR attempt=1: no JSON array in response: You've hit your session limit · resets 3:30pm (Asia/Seoul)
[12:14:56] pg4300 worker pid=528247: p311 translating (36 paragraphs)
[12:14:56] pg4300 worker pid=528250: p299 ERROR attempt=1: no JSON array in response: You've hit your session limit · resets 3:30pm (Asia/Seoul)
[12:14:57] pg4300 worker pid=528243: p262 OK
[12:14:57] pg4300 worker pid=528247: p311 ERROR attempt=1: no JSON array in response: You've hit your session limit · resets 3:30pm (Asia/Seoul)
[12:14:58] pg4300 worker pid=528243: p277 translating (34 paragraphs)
[12:14:59] pg4300 worker pid=528243: p277 ERROR attempt=1: no JSON array in response: You've hit your session limit · resets 3:30pm (Asia/Seoul)
[12:15:02] pg4300 worker pid=528242: p261 OK
[12:15:03] pg4300 worker pid=528248: p297 ERROR attempt=2: no JSON array in response: You've hit your session limit · resets 3:30pm (Asia/Seoul)
[12:15:03] pg4300 worker pid=528242: p276 translating (17 paragraphs)
[12:15:03] pg4300 worker pid=528250: p299 ERROR attempt=2: no JSON array in response: You've hit your session limit · resets 3:30pm (Asia/Seoul)
[12:15:04] pg4300 worker pid=528254: p273 OK
[12:15:04] pg4300 worker pid=528247: p311 ERROR attempt=2: no JSON array in response: You've hit your session limit · resets 3:30pm (Asia/Seoul)
[12:15:04] pg4300 worker pid=528254: p288 translating (19 paragraphs)
[12:15:05] pg4300 worker pid=528242: p276 ERROR attempt=1: no JSON array in response: You've hit your session limit · resets 3:30pm (Asia/Seoul)
[12:15:06] pg4300 worker pid=528254: p288 ERROR attempt=1: no JSON array in response: You've hit your session limit · resets 3:30pm (Asia/Seoul)
[12:15:07] pg4300 worker pid=528243: p277 ERROR attempt=2: no JSON array in response: You've hit your session limit · resets 3:30pm (Asia/Seoul)
[12:15:09] pg4300 worker pid=528253: p272 OK
[12:15:09] pg4300 worker pid=528253: p287 translating (9 paragraphs)
[12:15:09] pg4300 worker pid=528248: p297 ERROR attempt=3: no JSON array in response: You've hit your session limit · resets 3:30pm (Asia/Seoul)
[12:15:10] pg4300 worker pid=528247: p311 ERROR attempt=3: no JSON array in response: You've hit your session limit · resets 3:30pm (Asia/Seoul)
[12:15:12] pg4300 worker pid=528242: p276 ERROR attempt=2: no JSON array in response: You've hit your session limit · resets 3:30pm (Asia/Seoul)
[12:15:12] pg4300 worker pid=528250: p299 ERROR attempt=3: no JSON array in response: You've hit your session limit · resets 3:30pm (Asia/Seoul)
[12:15:12] pg4300 worker pid=528253: p287 ERROR attempt=1: no JSON array in response: You've hit your session limit · resets 3:30pm (Asia/Seoul)
[12:15:13] pg4300 worker pid=528254: p288 ERROR attempt=2: no JSON array in response: You've hit your session limit · resets 3:30pm (Asia/Seoul)
[12:15:13] pg4300 worker pid=528245: p309 ERROR attempt=1: no JSON array in response: You've hit your session limit · resets 3:30pm (Asia/Seoul)
[12:15:14] pg4300 worker pid=528243: p277 ERROR attempt=3: no JSON array in response: You've hit your session limit · resets 3:30pm (Asia/Seoul)
[12:15:15] pg4300 worker pid=528248: p312 translating (29 paragraphs)
[12:15:16] pg4300 worker pid=528247: p326 translating (26 paragraphs)
[12:15:16] pg4300 worker pid=528248: p312 ERROR attempt=1: no JSON array in response: You've hit your session limit · resets 3:30pm (Asia/Seoul)
[12:15:17] pg4300 worker pid=528250: p314 translating (2 paragraphs)
[12:15:17] pg4300 worker pid=528247: p326 ERROR attempt=1: no JSON array in response: You've hit your session limit · resets 3:30pm (Asia/Seoul)
[12:15:18] pg4300 worker pid=528242: p276 ERROR attempt=3: no JSON array in response: You've hit your session limit · resets 3:30pm (Asia/Seoul)
[12:15:19] pg4300 worker pid=528250: p314 ERROR attempt=1: no JSON array in response: You've hit your session limit · resets 3:30pm (Asia/Seoul)
[12:15:19] pg4300 worker pid=528253: p287 ERROR attempt=2: no JSON array in response: You've hit your session limit · resets 3:30pm (Asia/Seoul)
[12:15:19] pg4300 worker pid=528254: p288 ERROR attempt=3: no JSON array in response: You've hit your session limit · resets 3:30pm (Asia/Seoul)
[12:15:19] pg4300 worker pid=528243: p292 translating (20 paragraphs)
[12:15:20] pg4300 worker pid=528245: p309 ERROR attempt=2: no JSON array in response: You've hit your session limit · resets 3:30pm (Asia/Seoul)
[12:15:21] pg4300 worker pid=528243: p292 ERROR attempt=1: no JSON array in response: You've hit your session limit · resets 3:30pm (Asia/Seoul)
[12:15:23] pg4300 worker pid=528248: p312 ERROR attempt=2: no JSON array in response: You've hit your session limit · resets 3:30pm (Asia/Seoul)
[12:15:24] pg4300 worker pid=528242: p291 translating (7 paragraphs)
[12:15:24] pg4300 worker pid=528247: p326 ERROR attempt=2: no JSON array in response: You've hit your session limit · resets 3:30pm (Asia/Seoul)
[12:15:25] pg4300 worker pid=528240: p244 OK
[12:15:25] pg4300 worker pid=528249: p253 OK
[12:15:25] pg4300 worker pid=528254: p303 translating (18 paragraphs)
[12:15:25] pg4300 worker pid=528240: p259 translating (9 paragraphs)
[12:15:25] pg4300 worker pid=528249: p268 translating (14 paragraphs)
[12:15:25] pg4300 worker pid=528242: p291 ERROR attempt=1: no JSON array in response: You've hit your session limit · resets 3:30pm (Asia/Seoul)
[12:15:26] pg4300 worker pid=528250: p314 ERROR attempt=2: no JSON array in response: You've hit your session limit · resets 3:30pm (Asia/Seoul)
[12:15:26] pg4300 worker pid=528253: p287 ERROR attempt=3: no JSON array in response: You've hit your session limit · resets 3:30pm (Asia/Seoul)
[12:15:27] pg4300 worker pid=528241: p275 OK
[12:15:27] pg4300 worker pid=528254: p303 ERROR attempt=1: no JSON array in response: You've hit your session limit · resets 3:30pm (Asia/Seoul)
[12:15:27] pg4300 worker pid=528241: p290 translating (9 paragraphs)
[12:15:28] pg4300 worker pid=528240: p259 ERROR attempt=1: no JSON array in response: You've hit your session limit · resets 3:30pm (Asia/Seoul)
[12:15:28] pg4300 worker pid=528243: p292 ERROR attempt=2: no JSON array in response: You've hit your session limit · resets 3:30pm (Asia/Seoul)
[12:15:28] pg4300 worker pid=528249: p268 ERROR attempt=1: no JSON array in response: You've hit your session limit · resets 3:30pm (Asia/Seoul)
[12:15:28] pg4300 worker pid=528245: p309 ERROR attempt=3: no JSON array in response: You've hit your session limit · resets 3:30pm (Asia/Seoul)
[12:15:28] pg4300 worker pid=528246: p310 OK
[12:15:29] pg4300 worker pid=528246: p325 translating (7 paragraphs)
[12:15:29] pg4300 worker pid=528241: p290 ERROR attempt=1: no JSON array in response: You've hit your session limit · resets 3:30pm (Asia/Seoul)
[12:15:30] pg4300 worker pid=528248: p312 ERROR attempt=3: no JSON array in response: You've hit your session limit · resets 3:30pm (Asia/Seoul)
[12:15:31] pg4300 worker pid=528246: p325 ERROR attempt=1: no JSON array in response: You've hit your session limit · resets 3:30pm (Asia/Seoul)
[12:15:31] pg4300 worker pid=528247: p326 ERROR attempt=3: no JSON array in response: You've hit your session limit · resets 3:30pm (Asia/Seoul)
[12:15:31] pg4300 worker pid=528253: p302 translating (17 paragraphs)
[12:15:32] pg4300 worker pid=528242: p291 ERROR attempt=2: no JSON array in response: You've hit your session limit · resets 3:30pm (Asia/Seoul)
[12:15:32] pg4300 worker pid=528250: p314 ERROR attempt=3: no JSON array in response: You've hit your session limit · resets 3:30pm (Asia/Seoul)
[12:15:33] pg4300 worker pid=528245: p324 translating (21 paragraphs)
[12:15:34] pg4300 worker pid=528254: p303 ERROR attempt=2: no JSON array in response: You've hit your session limit · resets 3:30pm (Asia/Seoul)
[12:15:34] pg4300 worker pid=528253: p302 ERROR attempt=1: no JSON array in response: You've hit your session limit · resets 3:30pm (Asia/Seoul)
[12:15:35] pg4300 worker pid=528240: p259 ERROR attempt=2: no JSON array in response: You've hit your session limit · resets 3:30pm (Asia/Seoul)
[12:15:35] pg4300 worker pid=528244: p323 OK
[12:15:35] pg4300 worker pid=528243: p292 ERROR attempt=3: no JSON array in response: You've hit your session limit · resets 3:30pm (Asia/Seoul)
[12:15:35] pg4300 worker pid=528249: p268 ERROR attempt=2: no JSON array in response: You've hit your session limit · resets 3:30pm (Asia/Seoul)
[12:15:35] pg4300 worker pid=528248: p327 translating (28 paragraphs)
[12:15:35] pg4300 worker pid=528244: p338 translating (5 paragraphs)
[12:15:35] pg4300 worker pid=528245: p324 ERROR attempt=1: no JSON array in response: You've hit your session limit · resets 3:30pm (Asia/Seoul)
[12:15:36] pg4300 worker pid=528251: p270 OK
[12:15:36] pg4300 worker pid=528241: p290 ERROR attempt=2: no JSON array in response: You've hit your session limit · resets 3:30pm (Asia/Seoul)
[12:15:36] pg4300 worker pid=528247: p341 translating (10 paragraphs)
[12:15:36] pg4300 worker pid=528251: p285 translating (21 paragraphs)
[12:15:37] pg4300 worker pid=528248: p327 ERROR attempt=1: no JSON array in response: You've hit your session limit · resets 3:30pm (Asia/Seoul)
[12:15:37] pg4300 worker pid=528244: p338 ERROR attempt=1: no JSON array in response: You've hit your session limit · resets 3:30pm (Asia/Seoul)
[12:15:37] pg4300 worker pid=528246: p325 ERROR attempt=2: no JSON array in response: You've hit your session limit · resets 3:30pm (Asia/Seoul)
[12:15:38] pg4300 worker pid=528250: p329 translating (31 paragraphs)
[12:15:38] pg4300 worker pid=528251: p285 ERROR attempt=1: no JSON array in response: You've hit your session limit · resets 3:30pm (Asia/Seoul)
[12:15:38] pg4300 worker pid=528247: p341 ERROR attempt=1: no JSON array in response: You've hit your session limit · resets 3:30pm (Asia/Seoul)
[12:15:39] pg4300 worker pid=528242: p291 ERROR attempt=3: no JSON array in response: You've hit your session limit · resets 3:30pm (Asia/Seoul)
[12:15:40] pg4300 worker pid=528250: p329 ERROR attempt=1: no JSON array in response: You've hit your session limit · resets 3:30pm (Asia/Seoul)
[12:15:40] pg4300 worker pid=528254: p303 ERROR attempt=3: no JSON array in response: You've hit your session limit · resets 3:30pm (Asia/Seoul)
[12:15:40] pg4300 worker pid=528243: p307 translating (5 paragraphs)
[12:15:40] pg4300 worker pid=528253: p302 ERROR attempt=2: no JSON array in response: You've hit your session limit · resets 3:30pm (Asia/Seoul)
[12:15:41] pg4300 worker pid=528240: p259 ERROR attempt=3: no JSON array in response: You've hit your session limit · resets 3:30pm (Asia/Seoul)
[12:15:42] pg4300 worker pid=528249: p268 ERROR attempt=3: no JSON array in response: You've hit your session limit · resets 3:30pm (Asia/Seoul)
[12:15:42] pg4300 worker pid=528243: p307 ERROR attempt=1: no JSON array in response: You've hit your session limit · resets 3:30pm (Asia/Seoul)
[12:15:43] pg4300 worker pid=528241: p290 ERROR attempt=3: no JSON array in response: You've hit your session limit · resets 3:30pm (Asia/Seoul)
[12:15:43] pg4300 worker pid=528245: p324 ERROR attempt=2: no JSON array in response: You've hit your session limit · resets 3:30pm (Asia/Seoul)
[12:15:44] pg4300 worker pid=528244: p338 ERROR attempt=2: no JSON array in response: You've hit your session limit · resets 3:30pm (Asia/Seoul)
[12:15:44] pg4300 worker pid=528248: p327 ERROR attempt=2: no JSON array in response: You've hit your session limit · resets 3:30pm (Asia/Seoul)
[12:15:44] pg4300 worker pid=528242: p306 translating (24 paragraphs)
[12:15:44] pg4300 worker pid=528246: p325 ERROR attempt=3: no JSON array in response: You've hit your session limit · resets 3:30pm (Asia/Seoul)
[12:15:45] pg4300 worker pid=528251: p285 ERROR attempt=2: no JSON array in response: You've hit your session limit · resets 3:30pm (Asia/Seoul)
[12:15:45] pg4300 worker pid=528247: p341 ERROR attempt=2: no JSON array in response: You've hit your session limit · resets 3:30pm (Asia/Seoul)
[12:15:46] pg4300 worker pid=528254: p318 translating (12 paragraphs)
[12:15:46] pg4300 worker pid=528242: p306 ERROR attempt=1: no JSON array in response: You've hit your session limit · resets 3:30pm (Asia/Seoul)
[12:15:46] pg4300 worker pid=528250: p329 ERROR attempt=2: no JSON array in response: You've hit your session limit · resets 3:30pm (Asia/Seoul)
[12:15:47] pg4300 worker pid=528240: p274 translating (22 paragraphs)
[12:15:47] pg4300 worker pid=528253: p302 ERROR attempt=3: no JSON array in response: You've hit your session limit · resets 3:30pm (Asia/Seoul)
[12:15:47] pg4300 worker pid=528249: p283 translating (17 paragraphs)
[12:15:48] pg4300 worker pid=528254: p318 ERROR attempt=1: no JSON array in response: You've hit your session limit · resets 3:30pm (Asia/Seoul)
[12:15:48] pg4300 worker pid=528241: p305 translating (12 paragraphs)
[12:15:49] pg4300 worker pid=528240: p274 ERROR attempt=1: no JSON array in response: You've hit your session limit · resets 3:30pm (Asia/Seoul)
[12:15:49] pg4300 worker pid=528243: p307 ERROR attempt=2: no JSON array in response: You've hit your session limit · resets 3:30pm (Asia/Seoul)
[12:15:49] pg4300 worker pid=528249: p283 ERROR attempt=1: no JSON array in response: You've hit your session limit · resets 3:30pm (Asia/Seoul)
[12:15:50] pg4300 worker pid=528246: p340 translating (5 paragraphs)
[12:15:50] pg4300 worker pid=528241: p305 ERROR attempt=1: no JSON array in response: You've hit your session limit · resets 3:30pm (Asia/Seoul)
[12:15:50] pg4300 worker pid=528245: p324 ERROR attempt=3: no JSON array in response: You've hit your session limit · resets 3:30pm (Asia/Seoul)
[12:15:51] pg4300 worker pid=528248: p327 ERROR attempt=3: no JSON array in response: You've hit your session limit · resets 3:30pm (Asia/Seoul)
[12:15:51] pg4300 worker pid=528244: p338 ERROR attempt=3: no JSON array in response: You've hit your session limit · resets 3:30pm (Asia/Seoul)
[12:15:52] pg4300 worker pid=528251: p285 ERROR attempt=3: no JSON array in response: You've hit your session limit · resets 3:30pm (Asia/Seoul)
[12:15:52] pg4300 worker pid=528246: p340 ERROR attempt=1: no JSON array in response: You've hit your session limit · resets 3:30pm (Asia/Seoul)
[12:15:52] pg4300 worker pid=528247: p341 ERROR attempt=3: no JSON array in response: You've hit your session limit · resets 3:30pm (Asia/Seoul)
[12:15:53] pg4300 worker pid=528242: p306 ERROR attempt=2: no JSON array in response: You've hit your session limit · resets 3:30pm (Asia/Seoul)
[12:15:53] pg4300 worker pid=528253: p317 translating (8 paragraphs)
[12:15:53] pg4300 worker pid=528250: p329 ERROR attempt=3: no JSON array in response: You've hit your session limit · resets 3:30pm (Asia/Seoul)
[12:15:54] pg4300 worker pid=528254: p318 ERROR attempt=2: no JSON array in response: You've hit your session limit · resets 3:30pm (Asia/Seoul)
[12:15:54] pg4300 worker pid=528253: p317 ERROR attempt=1: no JSON array in response: You've hit your session limit · resets 3:30pm (Asia/Seoul)
[12:15:55] pg4300 worker pid=528240: p274 ERROR attempt=2: no JSON array in response: You've hit your session limit · resets 3:30pm (Asia/Seoul)
[12:15:56] pg4300 worker pid=528243: p307 ERROR attempt=3: no JSON array in response: You've hit your session limit · resets 3:30pm (Asia/Seoul)
[12:15:56] pg4300 worker pid=528249: p283 ERROR attempt=2: no JSON array in response: You've hit your session limit · resets 3:30pm (Asia/Seoul)
[12:15:56] pg4300 worker pid=528245: p339 translating (6 paragraphs)
[12:15:56] pg4300 worker pid=528248: p342 translating (5 paragraphs)
[12:15:56] pg4300 worker pid=528244: p353 translating (9 paragraphs)
[12:15:57] pg4300 worker pid=528241: p305 ERROR attempt=2: no JSON array in response: You've hit your session limit · resets 3:30pm (Asia/Seoul)
[12:15:57] pg4300 worker pid=528251: p300 translating (11 paragraphs)
[12:15:57] pg4300 worker pid=528245: p339 ERROR attempt=1: no JSON array in response: You've hit your session limit · resets 3:30pm (Asia/Seoul)
[12:15:58] pg4300 worker pid=528247: p356 translating (9 paragraphs)
[12:15:58] pg4300 worker pid=528244: p353 ERROR attempt=1: no JSON array in response: You've hit your session limit · resets 3:30pm (Asia/Seoul)
[12:15:58] pg4300 worker pid=528248: p342 ERROR attempt=1: no JSON array in response: You've hit your session limit · resets 3:30pm (Asia/Seoul)
[12:15:59] pg4300 worker pid=528250: p344 translating (30 paragraphs)
[12:15:59] pg4300 worker pid=528246: p340 ERROR attempt=2: no JSON array in response: You've hit your session limit · resets 3:30pm (Asia/Seoul)
[12:15:59] pg4300 worker pid=528251: p300 ERROR attempt=1: no JSON array in response: You've hit your session limit · resets 3:30pm (Asia/Seoul)
[12:15:59] pg4300 worker pid=528247: p356 ERROR attempt=1: no JSON array in response: You've hit your session limit · resets 3:30pm (Asia/Seoul)
[12:16:00] pg4300 worker pid=528242: p306 ERROR attempt=3: no JSON array in response: You've hit your session limit · resets 3:30pm (Asia/Seoul)
[12:16:00] pg4300 worker pid=528250: p344 ERROR attempt=1: no JSON array in response: You've hit your session limit · resets 3:30pm (Asia/Seoul)
[12:16:01] pg4300 worker pid=528254: p318 ERROR attempt=3: no JSON array in response: You've hit your session limit · resets 3:30pm (Asia/Seoul)
[12:16:01] pg4300 worker pid=528253: p317 ERROR attempt=2: no JSON array in response: You've hit your session limit · resets 3:30pm (Asia/Seoul)
[12:16:01] pg4300 worker pid=528243: p322 translating (8 paragraphs)
[12:16:02] pg4300 worker pid=528240: p274 ERROR attempt=3: no JSON array in response: You've hit your session limit · resets 3:30pm (Asia/Seoul)
[12:16:02] pg4300 worker pid=528249: p283 ERROR attempt=3: no JSON array in response: You've hit your session limit · resets 3:30pm (Asia/Seoul)
[12:16:03] pg4300 worker pid=528243: p322 ERROR attempt=1: no JSON array in response: You've hit your session limit · resets 3:30pm (Asia/Seoul)
[12:16:04] pg4300 worker pid=528241: p305 ERROR attempt=3: no JSON array in response: You've hit your session limit · resets 3:30pm (Asia/Seoul)
[12:16:04] pg4300 worker pid=528245: p339 ERROR attempt=2: no JSON array in response: You've hit your session limit · resets 3:30pm (Asia/Seoul)
[12:16:05] pg4300 worker pid=528244: p353 ERROR attempt=2: no JSON array in response: You've hit your session limit · resets 3:30pm (Asia/Seoul)
[12:16:05] pg4300 worker pid=528248: p342 ERROR attempt=2: no JSON array in response: You've hit your session limit · resets 3:30pm (Asia/Seoul)
[12:16:06] pg4300 worker pid=528242: p321 translating (3 paragraphs)
[12:16:06] pg4300 worker pid=528246: p340 ERROR attempt=3: no JSON array in response: You've hit your session limit · resets 3:30pm (Asia/Seoul)
[12:16:06] pg4300 worker pid=528251: p300 ERROR attempt=2: no JSON array in response: You've hit your session limit · resets 3:30pm (Asia/Seoul)
[12:16:06] pg4300 worker pid=528247: p356 ERROR attempt=2: no JSON array in response: You've hit your session limit · resets 3:30pm (Asia/Seoul)
[12:16:06] pg4300 worker pid=528254: p333 translating (30 paragraphs)
[12:16:07] pg4300 worker pid=528242: p321 ERROR attempt=1: no JSON array in response: You've hit your session limit · resets 3:30pm (Asia/Seoul)
[12:16:08] pg4300 worker pid=528240: p289 translating (10 paragraphs)
[12:16:08] pg4300 worker pid=528253: p317 ERROR attempt=3: no JSON array in response: You've hit your session limit · resets 3:30pm (Asia/Seoul)
[12:16:08] pg4300 worker pid=528254: p333 ERROR attempt=1: no JSON array in response: You've hit your session limit · resets 3:30pm (Asia/Seoul)
[12:16:08] pg4300 worker pid=528249: p298 translating (20 paragraphs)
[12:16:09] pg4300 worker pid=528241: p320 translating (1 paragraphs)
[12:16:09] pg4300 worker pid=528240: p289 ERROR attempt=1: no JSON array in response: You've hit your session limit · resets 3:30pm (Asia/Seoul)
[12:16:10] pg4300 worker pid=528249: p298 ERROR attempt=1: no JSON array in response: You've hit your session limit · resets 3:30pm (Asia/Seoul)
[12:16:10] pg4300 worker pid=528243: p322 ERROR attempt=2: no JSON array in response: You've hit your session limit · resets 3:30pm (Asia/Seoul)
[12:16:11] pg4300 worker pid=528241: p320 ERROR attempt=1: no JSON array in response: You've hit your session limit · resets 3:30pm (Asia/Seoul)
[12:16:11] pg4300 worker pid=528245: p339 ERROR attempt=3: no JSON array in response: You've hit your session limit · resets 3:30pm (Asia/Seoul)
[12:16:11] pg4300 worker pid=528246: p355 translating (3 paragraphs)
[12:16:12] pg4300 worker pid=528250: p344 ERROR attempt=2: no JSON array in response: You've hit your session limit · resets 3:30pm (Asia/Seoul)
[12:16:12] pg4300 worker pid=528244: p353 ERROR attempt=3: no JSON array in response: You've hit your session limit · resets 3:30pm (Asia/Seoul)
[12:16:12] pg4300 worker pid=528248: p342 ERROR attempt=3: no JSON array in response: You've hit your session limit · resets 3:30pm (Asia/Seoul)
[12:16:13] pg4300 worker pid=528251: p300 ERROR attempt=3: no JSON array in response: You've hit your session limit · resets 3:30pm (Asia/Seoul)
[12:16:13] pg4300 worker pid=528247: p356 ERROR attempt=3: no JSON array in response: You've hit your session limit · resets 3:30pm (Asia/Seoul)
[12:16:13] pg4300 worker pid=528246: p355 ERROR attempt=1: no JSON array in response: You've hit your session limit · resets 3:30pm (Asia/Seoul)
[12:16:13] pg4300 worker pid=528253: p332 translating (40 paragraphs)
[12:16:14] pg4300 worker pid=528242: p321 ERROR attempt=2: no JSON array in response: You've hit your session limit · resets 3:30pm (Asia/Seoul)
[12:16:15] pg4300 worker pid=528254: p333 ERROR attempt=2: no JSON array in response: You've hit your session limit · resets 3:30pm (Asia/Seoul)
[12:16:15] pg4300 worker pid=528253: p332 ERROR attempt=1: no JSON array in response: You've hit your session limit · resets 3:30pm (Asia/Seoul)
[12:16:16] pg4300 worker pid=528240: p289 ERROR attempt=2: no JSON array in response: You've hit your session limit · resets 3:30pm (Asia/Seoul)
[12:16:17] pg4300 worker pid=528243: p322 ERROR attempt=3: no JSON array in response: You've hit your session limit · resets 3:30pm (Asia/Seoul)
[12:16:17] pg4300 worker pid=528245: p354 translating (8 paragraphs)
[12:16:17] pg4300 worker pid=528244: p368 translating (3 paragraphs)
[12:16:17] pg4300 worker pid=528249: p298 ERROR attempt=2: no JSON array in response: You've hit your session limit · resets 3:30pm (Asia/Seoul)
[12:16:17] pg4300 worker pid=528248: p357 translating (4 paragraphs)
[12:16:18] pg4300 worker pid=528241: p320 ERROR attempt=2: no JSON array in response: You've hit your session limit · resets 3:30pm (Asia/Seoul)
[12:16:18] pg4300 worker pid=528251: p315 translating (9 paragraphs)
[12:16:18] pg4300 worker pid=528247: p371 translating (1 paragraphs)
[12:16:18] pg4300 worker pid=528250: p344 ERROR attempt=3: no JSON array in response: You've hit your session limit · resets 3:30pm (Asia/Seoul)
[12:16:18] pg4300 worker pid=528245: p354 ERROR attempt=1: no JSON array in response: You've hit your session limit · resets 3:30pm (Asia/Seoul)
[12:16:19] pg4300 worker pid=528244: p368 ERROR attempt=1: no JSON array in response: You've hit your session limit · resets 3:30pm (Asia/Seoul)
[12:16:19] pg4300 worker pid=528248: p357 ERROR attempt=1: no JSON array in response: You've hit your session limit · resets 3:30pm (Asia/Seoul)
[12:16:20] pg4300 worker pid=528246: p355 ERROR attempt=2: no JSON array in response: You've hit your session limit · resets 3:30pm (Asia/Seoul)
[12:16:20] pg4300 worker pid=528247: p371 ERROR attempt=1: no JSON array in response: You've hit your session limit · resets 3:30pm (Asia/Seoul)
[12:16:20] pg4300 worker pid=528251: p315 ERROR attempt=1: no JSON array in response: You've hit your session limit · resets 3:30pm (Asia/Seoul)
[12:16:20] pg4300 worker pid=528252: p301 OK
[12:16:21] pg4300 worker pid=528252: p316 translating (10 paragraphs)
[12:16:21] pg4300 worker pid=528242: p321 ERROR attempt=3: no JSON array in response: You've hit your session limit · resets 3:30pm (Asia/Seoul)
[12:16:22] pg4300 worker pid=528254: p333 ERROR attempt=3: no JSON array in response: You've hit your session limit · resets 3:30pm (Asia/Seoul)
[12:16:22] pg4300 worker pid=528253: p332 ERROR attempt=2: no JSON array in response: You've hit your session limit · resets 3:30pm (Asia/Seoul)
[12:16:22] pg4300 worker pid=528243: p337 translating (2 paragraphs)
[12:16:23] pg4300 worker pid=528252: p316 ERROR attempt=1: no JSON array in response: You've hit your session limit · resets 3:30pm (Asia/Seoul)
[12:16:23] pg4300 worker pid=528240: p289 ERROR attempt=3: no JSON array in response: You've hit your session limit · resets 3:30pm (Asia/Seoul)
[12:16:24] pg4300 worker pid=528243: p337 ERROR attempt=1: no JSON array in response: You've hit your session limit · resets 3:30pm (Asia/Seoul)
[12:16:24] pg4300 worker pid=528249: p298 ERROR attempt=3: no JSON array in response: You've hit your session limit · resets 3:30pm (Asia/Seoul)
[12:16:24] pg4300 worker pid=528250: p359 translating (2 paragraphs)
[12:16:25] pg4300 worker pid=528241: p320 ERROR attempt=3: no JSON array in response: You've hit your session limit · resets 3:30pm (Asia/Seoul)
[12:16:25] pg4300 worker pid=528245: p354 ERROR attempt=2: no JSON array in response: You've hit your session limit · resets 3:30pm (Asia/Seoul)
[12:16:26] pg4300 worker pid=528244: p368 ERROR attempt=2: no JSON array in response: You've hit your session limit · resets 3:30pm (Asia/Seoul)
[12:16:26] pg4300 worker pid=528248: p357 ERROR attempt=2: no JSON array in response: You've hit your session limit · resets 3:30pm (Asia/Seoul)
[12:16:26] pg4300 worker pid=528250: p359 ERROR attempt=1: no JSON array in response: You've hit your session limit · resets 3:30pm (Asia/Seoul)
[12:16:26] pg4300 worker pid=528242: p336 translating (1 paragraphs)
[12:16:27] pg4300 worker pid=528246: p355 ERROR attempt=3: no JSON array in response: You've hit your session limit · resets 3:30pm (Asia/Seoul)
[12:16:27] pg4300 worker pid=528254: p348 translating (6 paragraphs)
[12:16:27] pg4300 worker pid=528247: p371 ERROR attempt=2: no JSON array in response: You've hit your session limit · resets 3:30pm (Asia/Seoul)
[12:16:27] pg4300 worker pid=528251: p315 ERROR attempt=2: no JSON array in response: You've hit your session limit · resets 3:30pm (Asia/Seoul)
[12:16:28] pg4300 worker pid=528253: p332 ERROR attempt=3: no JSON array in response: You've hit your session limit · resets 3:30pm (Asia/Seoul)
[12:16:29] pg4300 worker pid=528242: p336 ERROR attempt=1: no JSON array in response: You've hit your session limit · resets 3:30pm (Asia/Seoul)
[12:16:29] pg4300 worker pid=528254: p348 ERROR attempt=1: no JSON array in response: You've hit your session limit · resets 3:30pm (Asia/Seoul)
[12:16:29] pg4300 worker pid=528240: p304 translating (8 paragraphs)
[12:16:29] pg4300 worker pid=528249: p313 translating (27 paragraphs)
[12:16:30] pg4300 worker pid=528252: p316 ERROR attempt=2: no JSON array in response: You've hit your session limit · resets 3:30pm (Asia/Seoul)
[12:16:30] pg4300 worker pid=528243: p337 ERROR attempt=2: no JSON array in response: You've hit your session limit · resets 3:30pm (Asia/Seoul)
[12:16:30] pg4300 worker pid=528240: p304 ERROR attempt=1: no JSON array in response: You've hit your session limit · resets 3:30pm (Asia/Seoul)
[12:16:30] pg4300 worker pid=528241: p335 translating (1 paragraphs)
[12:16:31] pg4300 worker pid=528249: p313 ERROR attempt=1: no JSON array in response: You've hit your session limit · resets 3:30pm (Asia/Seoul)
[12:16:32] pg4300 worker pid=528245: p354 ERROR attempt=3: no JSON array in response: You've hit your session limit · resets 3:30pm (Asia/Seoul)
[12:16:32] pg4300 worker pid=528246: p370 translating (8 paragraphs)
[12:16:32] pg4300 worker pid=528241: p335 ERROR attempt=1: no JSON array in response: You've hit your session limit · resets 3:30pm (Asia/Seoul)
[12:16:33] pg4300 worker pid=528244: p368 ERROR attempt=3: no JSON array in response: You've hit your session limit · resets 3:30pm (Asia/Seoul)
[12:16:33] pg4300 worker pid=528248: p357 ERROR attempt=3: no JSON array in response: You've hit your session limit · resets 3:30pm (Asia/Seoul)
[12:16:33] pg4300 worker pid=528250: p359 ERROR attempt=2: no JSON array in response: You've hit your session limit · resets 3:30pm (Asia/Seoul)
[12:16:34] pg4300 worker pid=528247: p371 ERROR attempt=3: no JSON array in response: You've hit your session limit · resets 3:30pm (Asia/Seoul)
[12:16:34] pg4300 worker pid=528253: p347 translating (1 paragraphs)
[12:16:34] pg4300 worker pid=528246: p370 ERROR attempt=1: no JSON array in response: You've hit your session limit · resets 3:30pm (Asia/Seoul)
[12:16:34] pg4300 worker pid=528251: p315 ERROR attempt=3: no JSON array in response: You've hit your session limit · resets 3:30pm (Asia/Seoul)
[12:16:35] pg4300 worker pid=528242: p336 ERROR attempt=2: no JSON array in response: You've hit your session limit · resets 3:30pm (Asia/Seoul)
[12:16:35] pg4300 worker pid=528254: p348 ERROR attempt=2: no JSON array in response: You've hit your session limit · resets 3:30pm (Asia/Seoul)
[12:16:36] pg4300 worker pid=528253: p347 ERROR attempt=1: no JSON array in response: You've hit your session limit · resets 3:30pm (Asia/Seoul)
[12:16:37] pg4300 worker pid=528252: p316 ERROR attempt=3: no JSON array in response: You've hit your session limit · resets 3:30pm (Asia/Seoul)
[12:16:37] pg4300 worker pid=528243: p337 ERROR attempt=3: no JSON array in response: You've hit your session limit · resets 3:30pm (Asia/Seoul)
[12:16:37] pg4300 worker pid=528240: p304 ERROR attempt=2: no JSON array in response: You've hit your session limit · resets 3:30pm (Asia/Seoul)
[12:16:37] pg4300 worker pid=528245: p369 translating (1 paragraphs)
[12:16:38] pg4300 worker pid=528249: p313 ERROR attempt=2: no JSON array in response: You've hit your session limit · resets 3:30pm (Asia/Seoul)
[12:16:38] pg4300 worker pid=528244: p383 translating (12 paragraphs)
[12:16:38] pg4300 worker pid=528248: p372 translating (1 paragraphs)
[12:16:39] pg4300 worker pid=528241: p335 ERROR attempt=2: no JSON array in response: You've hit your session limit · resets 3:30pm (Asia/Seoul)
[12:16:39] pg4300 worker pid=528245: p369 ERROR attempt=1: no JSON array in response: You've hit your session limit · resets 3:30pm (Asia/Seoul)
[12:16:39] pg4300 worker pid=528247: p386 translating (18 paragraphs)
[12:16:40] pg4300 worker pid=528251: p330 translating (1 paragraphs)
[12:16:40] pg4300 worker pid=528250: p359 ERROR attempt=3: no JSON array in response: You've hit your session limit · resets 3:30pm (Asia/Seoul)
[12:16:40] pg4300 worker pid=528248: p372 ERROR attempt=1: no JSON array in response: You've hit your session limit · resets 3:30pm (Asia/Seoul)
[12:16:40] pg4300 worker pid=528244: p383 ERROR attempt=1: no JSON array in response: You've hit your session limit · resets 3:30pm (Asia/Seoul)
[12:16:41] pg4300 worker pid=528246: p370 ERROR attempt=2: no JSON array in response: You've hit your session limit · resets 3:30pm (Asia/Seoul)
[12:16:41] pg4300 worker pid=528247: p386 ERROR attempt=1: no JSON array in response: You've hit your session limit · resets 3:30pm (Asia/Seoul)
[12:16:42] pg4300 worker pid=528251: p330 ERROR attempt=1: no JSON array in response: You've hit your session limit · resets 3:30pm (Asia/Seoul)
[12:16:42] pg4300 worker pid=528242: p336 ERROR attempt=3: no JSON array in response: You've hit your session limit · resets 3:30pm (Asia/Seoul)
[12:16:42] pg4300 worker pid=528252: p331 translating (18 paragraphs)
[12:16:42] pg4300 worker pid=528253: p347 ERROR attempt=2: no JSON array in response: You've hit your session limit · resets 3:30pm (Asia/Seoul)
[12:16:42] pg4300 worker pid=528254: p348 ERROR attempt=3: no JSON array in response: You've hit your session limit · resets 3:30pm (Asia/Seoul)
[12:16:42] pg4300 worker pid=528243: p352 translating (6 paragraphs)
[12:16:44] pg4300 worker pid=528240: p304 ERROR attempt=3: no JSON array in response: You've hit your session limit · resets 3:30pm (Asia/Seoul)
[12:16:44] pg4300 worker pid=528252: p331 ERROR attempt=1: no JSON array in response: You've hit your session limit · resets 3:30pm (Asia/Seoul)
[12:16:44] pg4300 worker pid=528243: p352 ERROR attempt=1: no JSON array in response: You've hit your session limit · resets 3:30pm (Asia/Seoul)
[12:16:45] pg4300 worker pid=528249: p313 ERROR attempt=3: no JSON array in response: You've hit your session limit · resets 3:30pm (Asia/Seoul)
[12:16:45] pg4300 worker pid=528250: p374 translating (1 paragraphs)
[12:16:46] pg4300 worker pid=528241: p335 ERROR attempt=3: no JSON array in response: You've hit your session limit · resets 3:30pm (Asia/Seoul)
[12:16:46] pg4300 worker pid=528245: p369 ERROR attempt=2: no JSON array in response: You've hit your session limit · resets 3:30pm (Asia/Seoul)
[12:16:47] pg4300 worker pid=528248: p372 ERROR attempt=2: no JSON array in response: You've hit your session limit · resets 3:30pm (Asia/Seoul)
[12:16:47] pg4300 worker pid=528250: p374 ERROR attempt=1: no JSON array in response: You've hit your session limit · resets 3:30pm (Asia/Seoul)
[12:16:47] pg4300 worker pid=528242: p351 translating (15 paragraphs)
[12:16:48] pg4300 worker pid=528244: p383 ERROR attempt=2: no JSON array in response: You've hit your session limit · resets 3:30pm (Asia/Seoul)
[12:16:48] pg4300 worker pid=528254: p363 translating (2 paragraphs)
[12:16:48] pg4300 worker pid=528247: p386 ERROR attempt=2: no JSON array in response: You've hit your session limit · resets 3:30pm (Asia/Seoul)
[12:16:48] pg4300 worker pid=528246: p370 ERROR attempt=3: no JSON array in response: You've hit your session limit · resets 3:30pm (Asia/Seoul)
[12:16:49] pg4300 worker pid=528251: p330 ERROR attempt=2: no JSON array in response: You've hit your session limit · resets 3:30pm (Asia/Seoul)
[12:16:49] pg4300 worker pid=528253: p347 ERROR attempt=3: no JSON array in response: You've hit your session limit · resets 3:30pm (Asia/Seoul)
[12:16:49] pg4300 worker pid=528242: p351 ERROR attempt=1: no JSON array in response: You've hit your session limit · resets 3:30pm (Asia/Seoul)
[12:16:49] pg4300 worker pid=528240: p319 translating (3 paragraphs)
[12:16:50] pg4300 worker pid=528254: p363 ERROR attempt=1: no JSON array in response: You've hit your session limit · resets 3:30pm (Asia/Seoul)
[12:16:50] pg4300 worker pid=528249: p328 translating (2 paragraphs)
[12:16:51] pg4300 worker pid=528252: p331 ERROR attempt=2: no JSON array in response: You've hit your session limit · resets 3:30pm (Asia/Seoul)
[12:16:51] pg4300 worker pid=528243: p352 ERROR attempt=2: no JSON array in response: You've hit your session limit · resets 3:30pm (Asia/Seoul)
[12:16:51] pg4300 worker pid=528240: p319 ERROR attempt=1: no JSON array in response: You've hit your session limit · resets 3:30pm (Asia/Seoul)
[12:16:51] pg4300 worker pid=528241: p350 translating (5 paragraphs)
[12:16:52] pg4300 worker pid=528249: p328 ERROR attempt=1: no JSON array in response: You've hit your session limit · resets 3:30pm (Asia/Seoul)
[12:16:53] pg4300 worker pid=528241: p350 ERROR attempt=1: no JSON array in response: You've hit your session limit · resets 3:30pm (Asia/Seoul)
[12:16:53] pg4300 worker pid=528245: p369 ERROR attempt=3: no JSON array in response: You've hit your session limit · resets 3:30pm (Asia/Seoul)
[12:16:54] pg4300 worker pid=528246: p385 translating (5 paragraphs)
[12:16:54] pg4300 worker pid=528248: p372 ERROR attempt=3: no JSON array in response: You've hit your session limit · resets 3:30pm (Asia/Seoul)
[12:16:55] pg4300 worker pid=528244: p383 ERROR attempt=3: no JSON array in response: You've hit your session limit · resets 3:30pm (Asia/Seoul)
[12:16:55] pg4300 worker pid=528253: p362 translating (9 paragraphs)
[12:16:55] pg4300 worker pid=528247: p386 ERROR attempt=3: no JSON array in response: You've hit your session limit · resets 3:30pm (Asia/Seoul)
[12:16:56] pg4300 worker pid=528246: p385 ERROR attempt=1: no JSON array in response: You've hit your session limit · resets 3:30pm (Asia/Seoul)
[12:16:56] pg4300 worker pid=528251: p330 ERROR attempt=3: no JSON array in response: You've hit your session limit · resets 3:30pm (Asia/Seoul)
[12:16:56] pg4300 worker pid=528242: p351 ERROR attempt=2: no JSON array in response: You've hit your session limit · resets 3:30pm (Asia/Seoul)
[12:16:57] pg4300 worker pid=528253: p362 ERROR attempt=1: no JSON array in response: You've hit your session limit · resets 3:30pm (Asia/Seoul)
[12:16:57] pg4300 worker pid=528254: p363 ERROR attempt=2: no JSON array in response: You've hit your session limit · resets 3:30pm (Asia/Seoul)
[12:16:57] pg4300 worker pid=528250: p374 ERROR attempt=2: no JSON array in response: You've hit your session limit · resets 3:30pm (Asia/Seoul)
[12:16:58] pg4300 worker pid=528252: p331 ERROR attempt=3: no JSON array in response: You've hit your session limit · resets 3:30pm (Asia/Seoul)
[12:16:58] pg4300 worker pid=528243: p352 ERROR attempt=3: no JSON array in response: You've hit your session limit · resets 3:30pm (Asia/Seoul)
[12:16:58] pg4300 worker pid=528240: p319 ERROR attempt=2: no JSON array in response: You've hit your session limit · resets 3:30pm (Asia/Seoul)
[12:16:59] pg4300 worker pid=528245: p384 translating (9 paragraphs)
[12:16:59] pg4300 worker pid=528249: p328 ERROR attempt=2: no JSON array in response: You've hit your session limit · resets 3:30pm (Asia/Seoul)
[12:17:00] pg4300 worker pid=528241: p350 ERROR attempt=2: no JSON array in response: You've hit your session limit · resets 3:30pm (Asia/Seoul)
[12:17:00] pg4300 worker pid=528248: p387 translating (12 paragraphs)
[12:17:00] pg4300 worker pid=528244: p398 translating (19 paragraphs)
[12:17:00] pg4300 worker pid=528245: p384 ERROR attempt=1: no JSON array in response: You've hit your session limit · resets 3:30pm (Asia/Seoul)
[12:17:00] pg4300 worker pid=528247: p401 translating (18 paragraphs)
[12:17:01] pg4300 worker pid=528251: p345 translating (14 paragraphs)
[12:17:01] pg4300 worker pid=528248: p387 ERROR attempt=1: no JSON array in response: You've hit your session limit · resets 3:30pm (Asia/Seoul)
[12:17:02] pg4300 worker pid=528244: p398 ERROR attempt=1: no JSON array in response: You've hit your session limit · resets 3:30pm (Asia/Seoul)
[12:17:03] pg4300 worker pid=528246: p385 ERROR attempt=2: no JSON array in response: You've hit your session limit · resets 3:30pm (Asia/Seoul)
[12:17:03] pg4300 worker pid=528247: p401 ERROR attempt=1: no JSON array in response: You've hit your session limit · resets 3:30pm (Asia/Seoul)
[12:17:03] pg4300 worker pid=528252: p346 translating (9 paragraphs)
[12:17:03] pg4300 worker pid=528243: p367 translating (1 paragraphs)
[12:17:04] pg4300 worker pid=528251: p345 ERROR attempt=1: no JSON array in response: You've hit your session limit · resets 3:30pm (Asia/Seoul)
[12:17:04] pg4300 worker pid=528242: p351 ERROR attempt=3: no JSON array in response: You've hit your session limit · resets 3:30pm (Asia/Seoul)
[12:17:04] pg4300 worker pid=528253: p362 ERROR attempt=2: no JSON array in response: You've hit your session limit · resets 3:30pm (Asia/Seoul)
[12:17:04] pg4300 worker pid=528254: p363 ERROR attempt=3: no JSON array in response: You've hit your session limit · resets 3:30pm (Asia/Seoul)
[12:17:05] pg4300 worker pid=528250: p374 ERROR attempt=3: no JSON array in response: You've hit your session limit · resets 3:30pm (Asia/Seoul)
[12:17:05] pg4300 worker pid=528252: p346 ERROR attempt=1: no JSON array in response: You've hit your session limit · resets 3:30pm (Asia/Seoul)
[12:17:05] pg4300 worker pid=528243: p367 ERROR attempt=1: no JSON array in response: You've hit your session limit · resets 3:30pm (Asia/Seoul)
[12:17:05] pg4300 worker pid=528240: p319 ERROR attempt=3: no JSON array in response: You've hit your session limit · resets 3:30pm (Asia/Seoul)
[12:17:06] pg4300 worker pid=528249: p328 ERROR attempt=3: no JSON array in response: You've hit your session limit · resets 3:30pm (Asia/Seoul)
[12:17:06] pg4300 worker pid=528241: p350 ERROR attempt=3: no JSON array in response: You've hit your session limit · resets 3:30pm (Asia/Seoul)
[12:17:07] pg4300 worker pid=528245: p384 ERROR attempt=2: no JSON array in response: You've hit your session limit · resets 3:30pm (Asia/Seoul)
[12:17:08] pg4300 worker pid=528248: p387 ERROR attempt=2: no JSON array in response: You've hit your session limit · resets 3:30pm (Asia/Seoul)
[12:17:09] pg4300 worker pid=528244: p398 ERROR attempt=2: no JSON array in response: You've hit your session limit · resets 3:30pm (Asia/Seoul)
[12:17:09] pg4300 worker pid=528242: p366 translating (7 paragraphs)
[12:17:09] pg4300 worker pid=528246: p385 ERROR attempt=3: no JSON array in response: You've hit your session limit · resets 3:30pm (Asia/Seoul)
[12:17:10] pg4300 worker pid=528254: p378 translating (4 paragraphs)
[12:17:10] pg4300 worker pid=528250: p389 translating (7 paragraphs)
[12:17:10] pg4300 worker pid=528251: p345 ERROR attempt=2: no JSON array in response: You've hit your session limit · resets 3:30pm (Asia/Seoul)
[12:17:10] pg4300 worker pid=528247: p401 ERROR attempt=2: no JSON array in response: You've hit your session limit · resets 3:30pm (Asia/Seoul)
[12:17:11] pg4300 worker pid=528240: p334 translating (18 paragraphs)
[12:17:11] pg4300 worker pid=528242: p366 ERROR attempt=1: no JSON array in response: You've hit your session limit · resets 3:30pm (Asia/Seoul)
[12:17:11] pg4300 worker pid=528253: p362 ERROR attempt=3: no JSON array in response: You've hit your session limit · resets 3:30pm (Asia/Seoul)
[12:17:12] pg4300 worker pid=528249: p343 translating (13 paragraphs)
[12:17:12] pg4300 worker pid=528241: p365 translating (4 paragraphs)
[12:17:12] pg4300 worker pid=528252: p346 ERROR attempt=2: no JSON array in response: You've hit your session limit · resets 3:30pm (Asia/Seoul)
[12:17:12] pg4300 worker pid=528250: p389 ERROR attempt=1: no JSON array in response: You've hit your session limit · resets 3:30pm (Asia/Seoul)
[12:17:12] pg4300 worker pid=528243: p367 ERROR attempt=2: no JSON array in response: You've hit your session limit · resets 3:30pm (Asia/Seoul)
[12:17:12] pg4300 worker pid=528254: p378 ERROR attempt=1: no JSON array in response: You've hit your session limit · resets 3:30pm (Asia/Seoul)
[12:17:13] pg4300 worker pid=528240: p334 ERROR attempt=1: no JSON array in response: You've hit your session limit · resets 3:30pm (Asia/Seoul)
[12:17:14] pg4300 worker pid=528241: p365 ERROR attempt=1: no JSON array in response: You've hit your session limit · resets 3:30pm (Asia/Seoul)
[12:17:14] pg4300 worker pid=528249: p343 ERROR attempt=1: no JSON array in response: You've hit your session limit · resets 3:30pm (Asia/Seoul)
[12:17:14] pg4300 worker pid=528245: p384 ERROR attempt=3: no JSON array in response: You've hit your session limit · resets 3:30pm (Asia/Seoul)
[12:17:14] pg4300 worker pid=528248: p387 ERROR attempt=3: no JSON array in response: You've hit your session limit · resets 3:30pm (Asia/Seoul)
[12:17:15] pg4300 worker pid=528246: p400 translating (7 paragraphs)
[12:17:15] pg4300 worker pid=528244: p398 ERROR attempt=3: no JSON array in response: You've hit your session limit · resets 3:30pm (Asia/Seoul)
[12:17:16] pg4300 worker pid=528253: p377 translating (10 paragraphs)
[12:17:17] pg4300 worker pid=528246: p400 ERROR attempt=1: no JSON array in response: You've hit your session limit · resets 3:30pm (Asia/Seoul)
[12:17:17] pg4300 worker pid=528251: p345 ERROR attempt=3: no JSON array in response: You've hit your session limit · resets 3:30pm (Asia/Seoul)
[12:17:17] pg4300 worker pid=528247: p401 ERROR attempt=3: no JSON array in response: You've hit your session limit · resets 3:30pm (Asia/Seoul)
[12:17:18] pg4300 worker pid=528242: p366 ERROR attempt=2: no JSON array in response: You've hit your session limit · resets 3:30pm (Asia/Seoul)
[12:17:18] pg4300 worker pid=528253: p377 ERROR attempt=1: no JSON array in response: You've hit your session limit · resets 3:30pm (Asia/Seoul)
[12:17:19] pg4300 worker pid=528250: p389 ERROR attempt=2: no JSON array in response: You've hit your session limit · resets 3:30pm (Asia/Seoul)
[12:17:19] pg4300 worker pid=528252: p346 ERROR attempt=3: no JSON array in response: You've hit your session limit · resets 3:30pm (Asia/Seoul)
[12:17:19] pg4300 worker pid=528245: p399 translating (15 paragraphs)
[12:17:19] pg4300 worker pid=528254: p378 ERROR attempt=2: no JSON array in response: You've hit your session limit · resets 3:30pm (Asia/Seoul)
[12:17:20] pg4300 worker pid=528243: p367 ERROR attempt=3: no JSON array in response: You've hit your session limit · resets 3:30pm (Asia/Seoul)
[12:17:20] pg4300 worker pid=528248: p402 translating (25 paragraphs)
[12:17:21] pg4300 worker pid=528241: p365 ERROR attempt=2: no JSON array in response: You've hit your session limit · resets 3:30pm (Asia/Seoul)
[12:17:21] pg4300 worker pid=528244: p413 translating (2 paragraphs)
[12:17:21] pg4300 worker pid=528240: p334 ERROR attempt=2: no JSON array in response: You've hit your session limit · resets 3:30pm (Asia/Seoul)
[12:17:21] pg4300 worker pid=528245: p399 ERROR attempt=1: no JSON array in response: You've hit your session limit · resets 3:30pm (Asia/Seoul)
[12:17:22] pg4300 worker pid=528248: p402 ERROR attempt=1: no JSON array in response: You've hit your session limit · resets 3:30pm (Asia/Seoul)
[12:17:22] pg4300 worker pid=528244: p413 ERROR attempt=1: no JSON array in response: You've hit your session limit · resets 3:30pm (Asia/Seoul)
[12:17:22] pg4300 worker pid=528251: p360 translating (1 paragraphs)
[12:17:23] pg4300 worker pid=528247: p416 translating (20 paragraphs)
[12:17:23] pg4300 worker pid=528246: p400 ERROR attempt=2: no JSON array in response: You've hit your session limit · resets 3:30pm (Asia/Seoul)
[12:17:24] pg4300 worker pid=528249: p343 ERROR attempt=2: no JSON array in response: You've hit your session limit · resets 3:30pm (Asia/Seoul)
[12:17:25] pg4300 worker pid=528247: p416 ERROR attempt=1: no JSON array in response: You've hit your session limit · resets 3:30pm (Asia/Seoul)
[12:17:25] pg4300 worker pid=528251: p360 ERROR attempt=1: no JSON array in response: You've hit your session limit · resets 3:30pm (Asia/Seoul)
[12:17:25] pg4300 worker pid=528252: p361 translating (9 paragraphs)
[12:17:25] pg4300 worker pid=528242: p366 ERROR attempt=3: no JSON array in response: You've hit your session limit · resets 3:30pm (Asia/Seoul)
[12:17:25] pg4300 worker pid=528243: p382 translating (16 paragraphs)
[12:17:26] pg4300 worker pid=528253: p377 ERROR attempt=2: no JSON array in response: You've hit your session limit · resets 3:30pm (Asia/Seoul)
[12:17:26] pg4300 worker pid=528250: p389 ERROR attempt=3: no JSON array in response: You've hit your session limit · resets 3:30pm (Asia/Seoul)
[12:17:26] pg4300 worker pid=528254: p378 ERROR attempt=3: no JSON array in response: You've hit your session limit · resets 3:30pm (Asia/Seoul)
[12:17:26] pg4300 worker pid=528252: p361 ERROR attempt=1: no JSON array in response: You've hit your session limit · resets 3:30pm (Asia/Seoul)
[12:17:27] pg4300 worker pid=528243: p382 ERROR attempt=1: no JSON array in response: You've hit your session limit · resets 3:30pm (Asia/Seoul)
[12:17:27] pg4300 worker pid=528241: p365 ERROR attempt=3: no JSON array in response: You've hit your session limit · resets 3:30pm (Asia/Seoul)
[12:17:28] pg4300 worker pid=528240: p334 ERROR attempt=3: no JSON array in response: You've hit your session limit · resets 3:30pm (Asia/Seoul)
[12:17:28] pg4300 worker pid=528245: p399 ERROR attempt=2: no JSON array in response: You've hit your session limit · resets 3:30pm (Asia/Seoul)
[12:17:28] pg4300 worker pid=528248: p402 ERROR attempt=2: no JSON array in response: You've hit your session limit · resets 3:30pm (Asia/Seoul)
[12:17:29] pg4300 worker pid=528244: p413 ERROR attempt=2: no JSON array in response: You've hit your session limit · resets 3:30pm (Asia/Seoul)
[12:17:30] pg4300 worker pid=528246: p400 ERROR attempt=3: no JSON array in response: You've hit your session limit · resets 3:30pm (Asia/Seoul)
[12:17:30] pg4300 worker pid=528242: p381 translating (11 paragraphs)
[12:17:31] pg4300 worker pid=528249: p343 ERROR attempt=3: no JSON array in response: You've hit your session limit · resets 3:30pm (Asia/Seoul)
[12:17:31] pg4300 worker pid=528247: p416 ERROR attempt=2: no JSON array in response: You've hit your session limit · resets 3:30pm (Asia/Seoul)
[12:17:32] pg4300 worker pid=528251: p360 ERROR attempt=2: no JSON array in response: You've hit your session limit · resets 3:30pm (Asia/Seoul)
[12:17:32] pg4300 worker pid=528250: p404 translating (34 paragraphs)
[12:17:32] pg4300 worker pid=528254: p393 translating (13 paragraphs)
[12:17:32] pg4300 worker pid=528242: p381 ERROR attempt=1: no JSON array in response: You've hit your session limit · resets 3:30pm (Asia/Seoul)
[12:17:32] pg4300 worker pid=528253: p377 ERROR attempt=3: no JSON array in response: You've hit your session limit · resets 3:30pm (Asia/Seoul)
[12:17:33] pg4300 worker pid=528241: p380 translating (1 paragraphs)
[12:17:33] pg4300 worker pid=528240: p349 translating (15 paragraphs)
[12:17:34] pg4300 worker pid=528250: p404 ERROR attempt=1: no JSON array in response: You've hit your session limit · resets 3:30pm (Asia/Seoul)
[12:17:34] pg4300 worker pid=528243: p382 ERROR attempt=2: no JSON array in response: You've hit your session limit · resets 3:30pm (Asia/Seoul)
[12:17:34] pg4300 worker pid=528254: p393 ERROR attempt=1: no JSON array in response: You've hit your session limit · resets 3:30pm (Asia/Seoul)
[12:17:34] pg4300 worker pid=528252: p361 ERROR attempt=2: no JSON array in response: You've hit your session limit · resets 3:30pm (Asia/Seoul)
[12:17:35] pg4300 worker pid=528241: p380 ERROR attempt=1: no JSON array in response: You've hit your session limit · resets 3:30pm (Asia/Seoul)
[12:17:35] pg4300 worker pid=528245: p399 ERROR attempt=3: no JSON array in response: You've hit your session limit · resets 3:30pm (Asia/Seoul)
[12:17:35] pg4300 worker pid=528240: p349 ERROR attempt=1: no JSON array in response: You've hit your session limit · resets 3:30pm (Asia/Seoul)
[12:17:35] pg4300 worker pid=528248: p402 ERROR attempt=3: no JSON array in response: You've hit your session limit · resets 3:30pm (Asia/Seoul)
[12:17:35] pg4300 worker pid=528246: p415 translating (21 paragraphs)
[12:17:36] pg4300 worker pid=528244: p413 ERROR attempt=3: no JSON array in response: You've hit your session limit · resets 3:30pm (Asia/Seoul)
[12:17:37] pg4300 worker pid=528249: p358 translating (9 paragraphs)
[12:17:37] pg4300 worker pid=528246: p415 ERROR attempt=1: no JSON array in response: You've hit your session limit · resets 3:30pm (Asia/Seoul)
[12:17:38] pg4300 worker pid=528253: p392 translating (16 paragraphs)
[12:17:38] pg4300 worker pid=528251: p360 ERROR attempt=3: no JSON array in response: You've hit your session limit · resets 3:30pm (Asia/Seoul)
[12:17:38] pg4300 worker pid=528247: p416 ERROR attempt=3: no JSON array in response: You've hit your session limit · resets 3:30pm (Asia/Seoul)
[12:17:39] pg4300 worker pid=528242: p381 ERROR attempt=2: no JSON array in response: You've hit your session limit · resets 3:30pm (Asia/Seoul)
[12:17:39] pg4300 worker pid=528249: p358 ERROR attempt=1: no JSON array in response: You've hit your session limit · resets 3:30pm (Asia/Seoul)
[12:17:40] pg4300 worker pid=528253: p392 ERROR attempt=1: no JSON array in response: You've hit your session limit · resets 3:30pm (Asia/Seoul)
[12:17:40] pg4300 worker pid=528245: p414 translating (18 paragraphs)
[12:17:41] pg4300 worker pid=528243: p382 ERROR attempt=3: no JSON array in response: You've hit your session limit · resets 3:30pm (Asia/Seoul)
[12:17:41] pg4300 worker pid=528254: p393 ERROR attempt=2: no JSON array in response: You've hit your session limit · resets 3:30pm (Asia/Seoul)
[12:17:41] pg4300 worker pid=528248: p417 translating (15 paragraphs)
[12:17:41] pg4300 worker pid=528250: p404 ERROR attempt=2: no JSON array in response: You've hit your session limit · resets 3:30pm (Asia/Seoul)
[12:17:41] pg4300 worker pid=528252: p361 ERROR attempt=3: no JSON array in response: You've hit your session limit · resets 3:30pm (Asia/Seoul)
[12:17:42] pg4300 worker pid=528241: p380 ERROR attempt=2: no JSON array in response: You've hit your session limit · resets 3:30pm (Asia/Seoul)
[12:17:42] pg4300 worker pid=528240: p349 ERROR attempt=2: no JSON array in response: You've hit your session limit · resets 3:30pm (Asia/Seoul)
[12:17:42] pg4300 worker pid=528244: p428 translating (1 paragraphs)
[12:17:42] pg4300 worker pid=528245: p414 ERROR attempt=1: no JSON array in response: You've hit your session limit · resets 3:30pm (Asia/Seoul)
[12:17:43] pg4300 worker pid=528248: p417 ERROR attempt=1: no JSON array in response: You've hit your session limit · resets 3:30pm (Asia/Seoul)
[12:17:44] pg4300 worker pid=528251: p375 translating (2 paragraphs)
[12:17:44] pg4300 worker pid=528244: p428 ERROR attempt=1: no JSON array in response: You've hit your session limit · resets 3:30pm (Asia/Seoul)
[12:17:44] pg4300 worker pid=528247: DONE: done=11 skip=0 fail=8
[12:17:44] pg4300 worker pid=528246: p415 ERROR attempt=2: no JSON array in response: You've hit your session limit · resets 3:30pm (Asia/Seoul)
[12:17:45] pg4300 worker pid=528251: p375 ERROR attempt=1: no JSON array in response: You've hit your session limit · resets 3:30pm (Asia/Seoul)
[12:17:46] pg4300 worker pid=528249: p358 ERROR attempt=2: no JSON array in response: You've hit your session limit · resets 3:30pm (Asia/Seoul)
[12:17:46] pg4300 worker pid=528242: p381 ERROR attempt=3: no JSON array in response: You've hit your session limit · resets 3:30pm (Asia/Seoul)
[12:17:46] pg4300 worker pid=528243: p397 translating (18 paragraphs)
[12:17:46] pg4300 worker pid=528253: p392 ERROR attempt=2: no JSON array in response: You've hit your session limit · resets 3:30pm (Asia/Seoul)
[12:17:47] pg4300 worker pid=528252: p376 translating (10 paragraphs)
[12:17:47] pg4300 worker pid=528254: p393 ERROR attempt=3: no JSON array in response: You've hit your session limit · resets 3:30pm (Asia/Seoul)
[12:17:48] pg4300 worker pid=528250: p404 ERROR attempt=3: no JSON array in response: You've hit your session limit · resets 3:30pm (Asia/Seoul)
[12:17:48] pg4300 worker pid=528243: p397 ERROR attempt=1: no JSON array in response: You've hit your session limit · resets 3:30pm (Asia/Seoul)
[12:17:49] pg4300 worker pid=528240: p349 ERROR attempt=3: no JSON array in response: You've hit your session limit · resets 3:30pm (Asia/Seoul)
[12:17:49] pg4300 worker pid=528241: p380 ERROR attempt=3: no JSON array in response: You've hit your session limit · resets 3:30pm (Asia/Seoul)
[12:17:49] pg4300 worker pid=528245: p414 ERROR attempt=2: no JSON array in response: You've hit your session limit · resets 3:30pm (Asia/Seoul)
[12:17:49] pg4300 worker pid=528252: p376 ERROR attempt=1: no JSON array in response: You've hit your session limit · resets 3:30pm (Asia/Seoul)
[12:17:50] pg4300 worker pid=528248: p417 ERROR attempt=2: no JSON array in response: You've hit your session limit · resets 3:30pm (Asia/Seoul)
[12:17:50] pg4300 worker pid=528244: p428 ERROR attempt=2: no JSON array in response: You've hit your session limit · resets 3:30pm (Asia/Seoul)
[12:17:51] pg4300 worker pid=528246: p415 ERROR attempt=3: no JSON array in response: You've hit your session limit · resets 3:30pm (Asia/Seoul)
[12:17:51] pg4300 worker pid=528242: p396 translating (21 paragraphs)
[12:17:52] pg4300 worker pid=528251: p375 ERROR attempt=2: no JSON array in response: You've hit your session limit · resets 3:30pm (Asia/Seoul)
[12:17:52] pg4300 worker pid=528249: p358 ERROR attempt=3: no JSON array in response: You've hit your session limit · resets 3:30pm (Asia/Seoul)
[12:17:53] pg4300 worker pid=528254: p408 translating (19 paragraphs)
[12:17:53] pg4300 worker pid=528253: p392 ERROR attempt=3: no JSON array in response: You've hit your session limit · resets 3:30pm (Asia/Seoul)
[12:17:53] pg4300 worker pid=528250: p419 translating (14 paragraphs)
[12:17:53] pg4300 worker pid=528242: p396 ERROR attempt=1: no JSON array in response: You've hit your session limit · resets 3:30pm (Asia/Seoul)
[12:17:54] pg4300 worker pid=528240: p364 translating (1 paragraphs)
[12:17:54] pg4300 worker pid=528241: p395 translating (31 paragraphs)
[12:17:55] pg4300 worker pid=528250: p419 ERROR attempt=1: no JSON array in response: You've hit your session limit · resets 3:30pm (Asia/Seoul)
[12:17:55] pg4300 worker pid=528254: p408 ERROR attempt=1: no JSON array in response: You've hit your session limit · resets 3:30pm (Asia/Seoul)
[12:17:55] pg4300 worker pid=528243: p397 ERROR attempt=2: no JSON array in response: You've hit your session limit · resets 3:30pm (Asia/Seoul)
[12:17:56] pg4300 worker pid=528245: p414 ERROR attempt=3: no JSON array in response: You've hit your session limit · resets 3:30pm (Asia/Seoul)
[12:17:56] pg4300 worker pid=528252: p376 ERROR attempt=2: no JSON array in response: You've hit your session limit · resets 3:30pm (Asia/Seoul)
[12:17:56] pg4300 worker pid=528246: p430 translating (1 paragraphs)
[12:17:57] pg4300 worker pid=528241: p395 ERROR attempt=1: no JSON array in response: You've hit your session limit · resets 3:30pm (Asia/Seoul)
[12:17:57] pg4300 worker pid=528240: p364 ERROR attempt=1: no JSON array in response: You've hit your session limit · resets 3:30pm (Asia/Seoul)
[12:17:57] pg4300 worker pid=528248: p417 ERROR attempt=3: no JSON array in response: You've hit your session limit · resets 3:30pm (Asia/Seoul)
[12:17:57] pg4300 worker pid=528244: p428 ERROR attempt=3: no JSON array in response: You've hit your session limit · resets 3:30pm (Asia/Seoul)
[12:17:58] pg4300 worker pid=528249: p373 translating (6 paragraphs)
[12:17:58] pg4300 worker pid=528246: p430 ERROR attempt=1: no JSON array in response: You've hit your session limit · resets 3:30pm (Asia/Seoul)
[12:17:58] pg4300 worker pid=528253: p407 translating (2 paragraphs)
[12:17:59] pg4300 worker pid=528251: p375 ERROR attempt=3: no JSON array in response: You've hit your session limit · resets 3:30pm (Asia/Seoul)
[12:18:00] pg4300 worker pid=528249: p373 ERROR attempt=1: no JSON array in response: You've hit your session limit · resets 3:30pm (Asia/Seoul)
[12:18:00] pg4300 worker pid=528242: p396 ERROR attempt=2: no JSON array in response: You've hit your session limit · resets 3:30pm (Asia/Seoul)
[12:18:01] pg4300 worker pid=528253: p407 ERROR attempt=1: no JSON array in response: You've hit your session limit · resets 3:30pm (Asia/Seoul)
[12:18:01] pg4300 worker pid=528250: p419 ERROR attempt=2: no JSON array in response: You've hit your session limit · resets 3:30pm (Asia/Seoul)
[12:18:01] pg4300 worker pid=528254: p408 ERROR attempt=2: no JSON array in response: You've hit your session limit · resets 3:30pm (Asia/Seoul)
[12:18:02] pg4300 worker pid=528245: p429 translating (1 paragraphs)
[12:18:02] pg4300 worker pid=528248: DONE: done=10 skip=0 fail=9
[12:18:02] pg4300 worker pid=528243: p397 ERROR attempt=3: no JSON array in response: You've hit your session limit · resets 3:30pm (Asia/Seoul)
[12:18:03] pg4300 worker pid=528244: DONE: done=13 skip=0 fail=7
[12:18:03] pg4300 worker pid=528252: p376 ERROR attempt=3: no JSON array in response: You've hit your session limit · resets 3:30pm (Asia/Seoul)
[12:18:04] pg4300 worker pid=528245: p429 ERROR attempt=1: no JSON array in response: You've hit your session limit · resets 3:30pm (Asia/Seoul)
[12:18:04] pg4300 worker pid=528241: p395 ERROR attempt=2: no JSON array in response: You've hit your session limit · resets 3:30pm (Asia/Seoul)
[12:18:04] pg4300 worker pid=528240: p364 ERROR attempt=2: no JSON array in response: You've hit your session limit · resets 3:30pm (Asia/Seoul)
[12:18:04] pg4300 worker pid=528251: p390 translating (14 paragraphs)
[12:18:05] pg4300 worker pid=528246: p430 ERROR attempt=2: no JSON array in response: You've hit your session limit · resets 3:30pm (Asia/Seoul)
[12:18:06] pg4300 worker pid=528251: p390 ERROR attempt=1: no JSON array in response: You've hit your session limit · resets 3:30pm (Asia/Seoul)
[12:18:06] pg4300 worker pid=528249: p373 ERROR attempt=2: no JSON array in response: You've hit your session limit · resets 3:30pm (Asia/Seoul)
[12:18:07] pg4300 worker pid=528242: p396 ERROR attempt=3: no JSON array in response: You've hit your session limit · resets 3:30pm (Asia/Seoul)
[12:18:08] pg4300 worker pid=528243: p412 translating (3 paragraphs)
[12:18:08] pg4300 worker pid=528253: p407 ERROR attempt=2: no JSON array in response: You've hit your session limit · resets 3:30pm (Asia/Seoul)
[12:18:08] pg4300 worker pid=528254: p408 ERROR attempt=3: no JSON array in response: You've hit your session limit · resets 3:30pm (Asia/Seoul)
[12:18:08] pg4300 worker pid=528250: p419 ERROR attempt=3: no JSON array in response: You've hit your session limit · resets 3:30pm (Asia/Seoul)
[12:18:09] pg4300 worker pid=528252: p391 translating (20 paragraphs)
[12:18:10] pg4300 worker pid=528243: p412 ERROR attempt=1: no JSON array in response: You've hit your session limit · resets 3:30pm (Asia/Seoul)
[12:18:11] pg4300 worker pid=528241: p395 ERROR attempt=3: no JSON array in response: You've hit your session limit · resets 3:30pm (Asia/Seoul)
[12:18:11] pg4300 worker pid=528240: p364 ERROR attempt=3: no JSON array in response: You've hit your session limit · resets 3:30pm (Asia/Seoul)
[12:18:11] pg4300 worker pid=528252: p391 ERROR attempt=1: no JSON array in response: You've hit your session limit · resets 3:30pm (Asia/Seoul)
[12:18:11] pg4300 worker pid=528245: p429 ERROR attempt=2: no JSON array in response: You've hit your session limit · resets 3:30pm (Asia/Seoul)
[12:18:11] pg4300 worker pid=528246: p430 ERROR attempt=3: no JSON array in response: You've hit your session limit · resets 3:30pm (Asia/Seoul)
[12:18:12] pg4300 worker pid=528242: p411 translating (9 paragraphs)
[12:18:13] pg4300 worker pid=528249: p373 ERROR attempt=3: no JSON array in response: You've hit your session limit · resets 3:30pm (Asia/Seoul)
[12:18:13] pg4300 worker pid=528251: p390 ERROR attempt=2: no JSON array in response: You've hit your session limit · resets 3:30pm (Asia/Seoul)
[12:18:14] pg4300 worker pid=528242: p411 ERROR attempt=1: no JSON array in response: You've hit your session limit · resets 3:30pm (Asia/Seoul)
[12:18:14] pg4300 worker pid=528254: p423 translating (1 paragraphs)
[12:18:14] pg4300 worker pid=528250: DONE: done=10 skip=0 fail=9
[12:18:15] pg4300 worker pid=528253: p407 ERROR attempt=3: no JSON array in response: You've hit your session limit · resets 3:30pm (Asia/Seoul)
[12:18:16] pg4300 worker pid=528254: p423 ERROR attempt=1: no JSON array in response: You've hit your session limit · resets 3:30pm (Asia/Seoul)
[12:18:16] pg4300 worker pid=528241: p410 translating (6 paragraphs)
[12:18:16] pg4300 worker pid=528240: p379 translating (7 paragraphs)
[12:18:16] pg4300 worker pid=528243: p412 ERROR attempt=2: no JSON array in response: You've hit your session limit · resets 3:30pm (Asia/Seoul)
[12:18:17] pg4300 worker pid=528246: DONE: done=12 skip=0 fail=8
[12:18:17] pg4300 worker pid=528252: p391 ERROR attempt=2: no JSON array in response: You've hit your session limit · resets 3:30pm (Asia/Seoul)
[12:18:17] pg4300 worker pid=528245: p429 ERROR attempt=3: no JSON array in response: You've hit your session limit · resets 3:30pm (Asia/Seoul)
[12:18:18] pg4300 worker pid=528240: p379 ERROR attempt=1: no JSON array in response: You've hit your session limit · resets 3:30pm (Asia/Seoul)
[12:18:18] pg4300 worker pid=528241: p410 ERROR attempt=1: no JSON array in response: You've hit your session limit · resets 3:30pm (Asia/Seoul)
[12:18:18] pg4300 worker pid=528249: p388 translating (21 paragraphs)
[12:18:20] pg4300 worker pid=528251: p390 ERROR attempt=3: no JSON array in response: You've hit your session limit · resets 3:30pm (Asia/Seoul)
[12:18:20] pg4300 worker pid=528253: p422 translating (4 paragraphs)
[12:18:20] pg4300 worker pid=528249: p388 ERROR attempt=1: no JSON array in response: You've hit your session limit · resets 3:30pm (Asia/Seoul)
[12:18:20] pg4300 worker pid=528242: p411 ERROR attempt=2: no JSON array in response: You've hit your session limit · resets 3:30pm (Asia/Seoul)
[12:18:22] pg4300 worker pid=528253: p422 ERROR attempt=1: no JSON array in response: You've hit your session limit · resets 3:30pm (Asia/Seoul)
[12:18:22] pg4300 worker pid=528254: p423 ERROR attempt=2: no JSON array in response: You've hit your session limit · resets 3:30pm (Asia/Seoul)
[12:18:23] pg4300 worker pid=528243: p412 ERROR attempt=3: no JSON array in response: You've hit your session limit · resets 3:30pm (Asia/Seoul)
[12:18:23] pg4300 worker pid=528245: DONE: done=11 skip=0 fail=9
[12:18:24] pg4300 worker pid=528252: p391 ERROR attempt=3: no JSON array in response: You've hit your session limit · resets 3:30pm (Asia/Seoul)
[12:18:25] pg4300 worker pid=528240: p379 ERROR attempt=2: no JSON array in response: You've hit your session limit · resets 3:30pm (Asia/Seoul)
[12:18:25] pg4300 worker pid=528241: p410 ERROR attempt=2: no JSON array in response: You've hit your session limit · resets 3:30pm (Asia/Seoul)
[12:18:25] pg4300 worker pid=528251: p405 translating (20 paragraphs)
[12:18:27] pg4300 worker pid=528251: p405 ERROR attempt=1: no JSON array in response: You've hit your session limit · resets 3:30pm (Asia/Seoul)
[12:18:27] pg4300 worker pid=528249: p388 ERROR attempt=2: no JSON array in response: You've hit your session limit · resets 3:30pm (Asia/Seoul)
[12:18:27] pg4300 worker pid=528242: p411 ERROR attempt=3: no JSON array in response: You've hit your session limit · resets 3:30pm (Asia/Seoul)
[12:18:28] pg4300 worker pid=528243: p427 translating (1 paragraphs)
[12:18:28] pg4300 worker pid=528253: p422 ERROR attempt=2: no JSON array in response: You've hit your session limit · resets 3:30pm (Asia/Seoul)
[12:18:29] pg4300 worker pid=528254: p423 ERROR attempt=3: no JSON array in response: You've hit your session limit · resets 3:30pm (Asia/Seoul)
[12:18:29] pg4300 worker pid=528252: p406 translating (8 paragraphs)
[12:18:30] pg4300 worker pid=528243: p427 ERROR attempt=1: no JSON array in response: You've hit your session limit · resets 3:30pm (Asia/Seoul)
[12:18:31] pg4300 worker pid=528252: p406 ERROR attempt=1: no JSON array in response: You've hit your session limit · resets 3:30pm (Asia/Seoul)
[12:18:31] pg4300 worker pid=528240: p379 ERROR attempt=3: no JSON array in response: You've hit your session limit · resets 3:30pm (Asia/Seoul)
[12:18:31] pg4300 worker pid=528241: p410 ERROR attempt=3: no JSON array in response: You've hit your session limit · resets 3:30pm (Asia/Seoul)
[12:18:33] pg4300 worker pid=528242: p426 translating (1 paragraphs)
[12:18:33] pg4300 worker pid=528251: p405 ERROR attempt=2: no JSON array in response: You've hit your session limit · resets 3:30pm (Asia/Seoul)
[12:18:34] pg4300 worker pid=528249: p388 ERROR attempt=3: no JSON array in response: You've hit your session limit · resets 3:30pm (Asia/Seoul)
[12:18:34] pg4300 worker pid=528254: DONE: done=9 skip=0 fail=10
[12:18:34] pg4300 worker pid=528242: p426 ERROR attempt=1: no JSON array in response: You've hit your session limit · resets 3:30pm (Asia/Seoul)
[12:18:35] pg4300 worker pid=528253: p422 ERROR attempt=3: no JSON array in response: You've hit your session limit · resets 3:30pm (Asia/Seoul)
[12:18:37] pg4300 worker pid=528243: p427 ERROR attempt=2: no JSON array in response: You've hit your session limit · resets 3:30pm (Asia/Seoul)
[12:18:37] pg4300 worker pid=528240: p394 translating (24 paragraphs)
[12:18:37] pg4300 worker pid=528241: p425 translating (1 paragraphs)
[12:18:38] pg4300 worker pid=528252: p406 ERROR attempt=2: no JSON array in response: You've hit your session limit · resets 3:30pm (Asia/Seoul)
[12:18:38] pg4300 worker pid=528240: p394 ERROR attempt=1: no JSON array in response: You've hit your session limit · resets 3:30pm (Asia/Seoul)
[12:18:39] pg4300 worker pid=528241: p425 ERROR attempt=1: no JSON array in response: You've hit your session limit · resets 3:30pm (Asia/Seoul)
[12:18:39] pg4300 worker pid=528249: p403 translating (13 paragraphs)
[12:18:40] pg4300 worker pid=528251: p405 ERROR attempt=3: no JSON array in response: You've hit your session limit · resets 3:30pm (Asia/Seoul)
[12:18:41] pg4300 worker pid=528253: DONE: done=9 skip=0 fail=10
[12:18:41] pg4300 worker pid=528249: p403 ERROR attempt=1: no JSON array in response: You've hit your session limit · resets 3:30pm (Asia/Seoul)
[12:18:41] pg4300 worker pid=528242: p426 ERROR attempt=2: no JSON array in response: You've hit your session limit · resets 3:30pm (Asia/Seoul)
[12:18:43] pg4300 worker pid=528243: p427 ERROR attempt=3: no JSON array in response: You've hit your session limit · resets 3:30pm (Asia/Seoul)
[12:18:45] pg4300 worker pid=528252: p406 ERROR attempt=3: no JSON array in response: You've hit your session limit · resets 3:30pm (Asia/Seoul)
[12:18:45] pg4300 worker pid=528240: p394 ERROR attempt=2: no JSON array in response: You've hit your session limit · resets 3:30pm (Asia/Seoul)
[12:18:45] pg4300 worker pid=528241: p425 ERROR attempt=2: no JSON array in response: You've hit your session limit · resets 3:30pm (Asia/Seoul)
[12:18:46] pg4300 worker pid=528251: p420 translating (13 paragraphs)
[12:18:48] pg4300 worker pid=528251: p420 ERROR attempt=1: no JSON array in response: You've hit your session limit · resets 3:30pm (Asia/Seoul)
[12:18:48] pg4300 worker pid=528249: p403 ERROR attempt=2: no JSON array in response: You've hit your session limit · resets 3:30pm (Asia/Seoul)
[12:18:48] pg4300 worker pid=528242: p426 ERROR attempt=3: no JSON array in response: You've hit your session limit · resets 3:30pm (Asia/Seoul)
[12:18:49] pg4300 worker pid=528243: DONE: done=9 skip=0 fail=11
[12:18:50] pg4300 worker pid=528252: p421 translating (13 paragraphs)
[12:18:52] pg4300 worker pid=528240: p394 ERROR attempt=3: no JSON array in response: You've hit your session limit · resets 3:30pm (Asia/Seoul)
[12:18:52] pg4300 worker pid=528252: p421 ERROR attempt=1: no JSON array in response: You've hit your session limit · resets 3:30pm (Asia/Seoul)
[12:18:52] pg4300 worker pid=528241: p425 ERROR attempt=3: no JSON array in response: You've hit your session limit · resets 3:30pm (Asia/Seoul)
[12:18:53] pg4300 worker pid=528242: DONE: done=9 skip=0 fail=11
[12:18:54] pg4300 worker pid=528249: p403 ERROR attempt=3: no JSON array in response: You've hit your session limit · resets 3:30pm (Asia/Seoul)
[12:18:54] pg4300 worker pid=528251: p420 ERROR attempt=2: no JSON array in response: You've hit your session limit · resets 3:30pm (Asia/Seoul)
[12:18:57] pg4300 worker pid=528240: p409 translating (4 paragraphs)
[12:18:58] pg4300 worker pid=528241: DONE: done=10 skip=0 fail=10
[12:18:58] pg4300 worker pid=528252: p421 ERROR attempt=2: no JSON array in response: You've hit your session limit · resets 3:30pm (Asia/Seoul)
[12:18:59] pg4300 worker pid=528240: p409 ERROR attempt=1: no JSON array in response: You've hit your session limit · resets 3:30pm (Asia/Seoul)
[12:19:00] pg4300 worker pid=528249: p418 translating (16 paragraphs)
[12:19:01] pg4300 worker pid=528251: p420 ERROR attempt=3: no JSON array in response: You've hit your session limit · resets 3:30pm (Asia/Seoul)
[12:19:01] pg4300 worker pid=528249: p418 ERROR attempt=1: no JSON array in response: You've hit your session limit · resets 3:30pm (Asia/Seoul)
[12:19:05] pg4300 worker pid=528252: p421 ERROR attempt=3: no JSON array in response: You've hit your session limit · resets 3:30pm (Asia/Seoul)
[12:19:06] pg4300 worker pid=528240: p409 ERROR attempt=2: no JSON array in response: You've hit your session limit · resets 3:30pm (Asia/Seoul)
[12:19:06] pg4300 worker pid=528251: DONE: done=9 skip=0 fail=10
[12:19:08] pg4300 worker pid=528249: p418 ERROR attempt=2: no JSON array in response: You've hit your session limit · resets 3:30pm (Asia/Seoul)
[12:19:10] pg4300 worker pid=528252: DONE: done=11 skip=0 fail=8
[12:19:13] pg4300 worker pid=528240: p409 ERROR attempt=3: no JSON array in response: You've hit your session limit · resets 3:30pm (Asia/Seoul)
[12:19:15] pg4300 worker pid=528249: p418 ERROR attempt=3: no JSON array in response: You've hit your session limit · resets 3:30pm (Asia/Seoul)
[12:19:18] pg4300 worker pid=528240: p424 translating (1 paragraphs)
[12:19:20] pg4300 worker pid=528240: p424 ERROR attempt=1: no JSON array in response: You've hit your session limit · resets 3:30pm (Asia/Seoul)
[12:19:20] pg4300 worker pid=528249: DONE: done=8 skip=0 fail=11
[12:19:26] pg4300 worker pid=528240: p424 ERROR attempt=2: no JSON array in response: You've hit your session limit · resets 3:30pm (Asia/Seoul)
[12:19:33] pg4300 worker pid=528240: p424 ERROR attempt=3: no JSON array in response: You've hit your session limit · resets 3:30pm (Asia/Seoul)
[12:19:39] pg4300 worker pid=528240: DONE: done=8 skip=0 fail=12
